Component: ARM Compiler 5.06 update 6 (build 750) Tool: armlink [4d35ed]

==============================================================================

Section Cross References

    startup_stm32f407xx.o(RESET) refers to startup_stm32f407xx.o(STACK) for __initial_sp
    startup_stm32f407xx.o(RESET) refers to startup_stm32f407xx.o(.text) for Reset_Handler
    startup_stm32f407xx.o(RESET) refers to stm32f4xx_it.o(i.NMI_Handler) for NMI_Handler
    startup_stm32f407xx.o(RESET) refers to stm32f4xx_it.o(i.HardFault_Handler) for HardFault_Handler
    startup_stm32f407xx.o(RESET) refers to stm32f4xx_it.o(i.MemManage_Handler) for MemManage_Handler
    startup_stm32f407xx.o(RESET) refers to stm32f4xx_it.o(i.BusFault_Handler) for BusFault_Handler
    startup_stm32f407xx.o(RESET) refers to stm32f4xx_it.o(i.UsageFault_Handler) for UsageFault_Handler
    startup_stm32f407xx.o(RESET) refers to stm32f4xx_it.o(i.SVC_Handler) for SVC_Handler
    startup_stm32f407xx.o(RESET) refers to stm32f4xx_it.o(i.DebugMon_Handler) for DebugMon_Handler
    startup_stm32f407xx.o(RESET) refers to stm32f4xx_it.o(i.PendSV_Handler) for PendSV_Handler
    startup_stm32f407xx.o(RESET) refers to stm32f4xx_it.o(i.SysTick_Handler) for SysTick_Handler
    startup_stm32f407xx.o(RESET) refers to stm32f4xx_it.o(i.TIM3_IRQHandler) for TIM3_IRQHandler
    startup_stm32f407xx.o(RESET) refers to stm32f4xx_it.o(i.TIM4_IRQHandler) for TIM4_IRQHandler
    startup_stm32f407xx.o(RESET) refers to atk_mo1218_uart.o(i.USART2_IRQHandler) for USART2_IRQHandler
    startup_stm32f407xx.o(.text) refers to system_stm32f4xx.o(i.SystemInit) for SystemInit
    startup_stm32f407xx.o(.text) refers to entry.o(.ARM.Collect$$$$00000000) for __main
    main.o(i.HAL_TIM_IC_CaptureCallback) refers to stm32f4xx_hal_tim.o(i.HAL_TIM_IC_Stop_IT) for HAL_TIM_IC_Stop_IT
    main.o(i.HAL_TIM_IC_CaptureCallback) refers to us_100.o(.data) for capture_cnt
    main.o(i.HAL_TIM_PeriodElapsedCallback) refers to us_100.o(.data) for US100
    main.o(i.SystemClock_Config) refers to memseta.o(.text) for __aeabi_memclr4
    main.o(i.SystemClock_Config) refers to stm32f4xx_hal_rcc.o(i.HAL_RCC_OscConfig) for HAL_RCC_OscConfig
    main.o(i.SystemClock_Config) refers to main.o(i.Error_Handler) for Error_Handler
    main.o(i.SystemClock_Config) refers to stm32f4xx_hal_rcc.o(i.HAL_RCC_ClockConfig) for HAL_RCC_ClockConfig
    main.o(i.main) refers to stm32f4xx_hal.o(i.HAL_Init) for HAL_Init
    main.o(i.main) refers to main.o(i.SystemClock_Config) for SystemClock_Config
    main.o(i.main) refers to gpio.o(i.MX_GPIO_Init) for MX_GPIO_Init
    main.o(i.main) refers to i2c.o(i.MX_I2C1_Init) for MX_I2C1_Init
    main.o(i.main) refers to usart.o(i.MX_USART1_UART_Init) for MX_USART1_UART_Init
    main.o(i.main) refers to tim.o(i.MX_TIM3_Init) for MX_TIM3_Init
    main.o(i.main) refers to tim.o(i.MX_TIM4_Init) for MX_TIM4_Init
    main.o(i.main) refers to usart.o(i.MX_USART2_UART_Init) for MX_USART2_UART_Init
    main.o(i.main) refers to gps.o(i.GPS_init) for GPS_init
    main.o(i.main) refers to stm32f4xx_hal_tim.o(i.HAL_TIM_Base_Start_IT) for HAL_TIM_Base_Start_IT
    main.o(i.main) refers to stm32f4xx_hal.o(i.HAL_Delay) for HAL_Delay
    main.o(i.main) refers to tim.o(.bss) for htim4
    gpio.o(i.MX_GPIO_Init) refers to memseta.o(.text) for __aeabi_memclr4
    gpio.o(i.MX_GPIO_Init) refers to stm32f4xx_hal_gpio.o(i.HAL_GPIO_WritePin) for HAL_GPIO_WritePin
    gpio.o(i.MX_GPIO_Init) refers to stm32f4xx_hal_gpio.o(i.HAL_GPIO_Init) for HAL_GPIO_Init
    i2c.o(i.HAL_I2C_MspDeInit) refers to stm32f4xx_hal_gpio.o(i.HAL_GPIO_DeInit) for HAL_GPIO_DeInit
    i2c.o(i.HAL_I2C_MspInit) refers to memseta.o(.text) for __aeabi_memclr4
    i2c.o(i.HAL_I2C_MspInit) refers to stm32f4xx_hal_gpio.o(i.HAL_GPIO_Init) for HAL_GPIO_Init
    i2c.o(i.MX_I2C1_Init) refers to stm32f4xx_hal_i2c.o(i.HAL_I2C_Init) for HAL_I2C_Init
    i2c.o(i.MX_I2C1_Init) refers to main.o(i.Error_Handler) for Error_Handler
    i2c.o(i.MX_I2C1_Init) refers to i2c.o(.bss) for hi2c1
    tim.o(i.HAL_TIM_Base_MspDeInit) refers to stm32f4xx_hal_gpio.o(i.HAL_GPIO_DeInit) for HAL_GPIO_DeInit
    tim.o(i.HAL_TIM_Base_MspDeInit) refers to stm32f4xx_hal_cortex.o(i.HAL_NVIC_DisableIRQ) for HAL_NVIC_DisableIRQ
    tim.o(i.HAL_TIM_Base_MspInit) refers to memseta.o(.text) for __aeabi_memclr4
    tim.o(i.HAL_TIM_Base_MspInit) refers to stm32f4xx_hal_gpio.o(i.HAL_GPIO_Init) for HAL_GPIO_Init
    tim.o(i.HAL_TIM_Base_MspInit) refers to stm32f4xx_hal_cortex.o(i.HAL_NVIC_SetPriority) for HAL_NVIC_SetPriority
    tim.o(i.HAL_TIM_Base_MspInit) refers to stm32f4xx_hal_cortex.o(i.HAL_NVIC_EnableIRQ) for HAL_NVIC_EnableIRQ
    tim.o(i.MX_TIM3_Init) refers to stm32f4xx_hal_tim.o(i.HAL_TIM_Base_Init) for HAL_TIM_Base_Init
    tim.o(i.MX_TIM3_Init) refers to main.o(i.Error_Handler) for Error_Handler
    tim.o(i.MX_TIM3_Init) refers to stm32f4xx_hal_tim.o(i.HAL_TIM_ConfigClockSource) for HAL_TIM_ConfigClockSource
[...]
    Removing atk_mo1218_bin_msg.o(i.atk_mo1218_config_power_mode), (110 bytes).
    Removing atk_mo1218_bin_msg.o(i.atk_mo1218_config_qzss), (138 bytes).
    Removing atk_mo1218_bin_msg.o(i.atk_mo1218_config_saee), (124 bytes).
    Removing atk_mo1218_bin_msg.o(i.atk_mo1218_config_sbas), (348 bytes).
    Removing atk_mo1218_bin_msg.o(i.atk_mo1218_config_serial), (182 bytes).
    Removing atk_mo1218_bin_msg.o(i.atk_mo1218_get_1pps_cable_delay), (116 bytes).
    Removing atk_mo1218_bin_msg.o(i.atk_mo1218_get_1pps_pulse_width), (132 bytes).
    Removing atk_mo1218_bin_msg.o(i.atk_mo1218_get_boot_status), (130 bytes).
    Removing atk_mo1218_bin_msg.o(i.atk_mo1218_get_datum), (98 bytes).
    Removing atk_mo1218_bin_msg.o(i.atk_mo1218_get_dop_mask), (214 bytes).
    Removing atk_mo1218_bin_msg.o(i.atk_mo1218_get_evelation_cnr_mask), (164 bytes).
    Removing atk_mo1218_bin_msg.o(i.atk_mo1218_get_ext_nmea_msg), (314 bytes).
    Removing atk_mo1218_bin_msg.o(i.atk_mo1218_get_gnss_for_navigation), (166 bytes).
    Removing atk_mo1218_bin_msg.o(i.atk_mo1218_get_gps_ephemeris), (198 bytes).
    Removing atk_mo1218_bin_msg.o(i.atk_mo1218_get_interence_detection_status), (180 bytes).
    Removing atk_mo1218_bin_msg.o(i.atk_mo1218_get_navigation_mode), (160 bytes).
    Removing atk_mo1218_bin_msg.o(i.atk_mo1218_get_position_pinning_status), (200 bytes).
    Removing atk_mo1218_bin_msg.o(i.atk_mo1218_get_position_rate), (196 bytes).
    Removing atk_mo1218_bin_msg.o(i.atk_mo1218_get_power_mode), (114 bytes).
    Removing atk_mo1218_bin_msg.o(i.atk_mo1218_get_qzss_status), (150 bytes).
    Removing atk_mo1218_bin_msg.o(i.atk_mo1218_get_saee_status), (140 bytes).
    Removing atk_mo1218_bin_msg.o(i.atk_mo1218_get_sbas_status), (334 bytes).
    Removing atk_mo1218_bin_msg.o(i.atk_mo1218_get_sw_crc), (106 bytes).
    Removing atk_mo1218_bin_msg.o(i.atk_mo1218_restart), (124 bytes).
    Removing atk_mo1218_bin_msg.o(i.atk_mo1218_set_gps_ephemeris), (134 bytes).
    Removing atk_mo1218_nmea_msg.o(.rev16_text), (4 bytes).
    Removing atk_mo1218_nmea_msg.o(.revsh_text), (4 bytes).
    Removing atk_mo1218_nmea_msg.o(.rrx_text), (6 bytes).
    Removing atk_mo1218_nmea_msg.o(i.atk_mo1218_decode_nmea_parameter), (102 bytes).
    Removing atk_mo1218_nmea_msg.o(i.atk_mo1218_decode_nmea_xxgga), (728 bytes).
    Removing atk_mo1218_nmea_msg.o(i.atk_mo1218_decode_nmea_xxgll), (516 bytes).
    Removing atk_mo1218_nmea_msg.o(i.atk_mo1218_decode_nmea_xxgsa), (436 bytes).
    Removing atk_mo1218_nmea_msg.o(i.atk_mo1218_decode_nmea_xxgsv), (768 bytes).
    Removing atk_mo1218_nmea_msg.o(i.atk_mo1218_decode_nmea_xxrmc), (804 bytes).
    Removing atk_mo1218_nmea_msg.o(i.atk_mo1218_decode_nmea_xxvtg), (348 bytes).
    Removing atk_mo1218_nmea_msg.o(i.atk_mo1218_decode_nmea_xxzda), (412 bytes).
    Removing atk_mo1218_nmea_msg.o(i.atk_mo1218_fit_num), (50 bytes).
    Removing atk_mo1218_nmea_msg.o(i.atk_mo1218_get_nmea_msg_from_buf), (304 bytes).
    Removing atk_mo1218_nmea_msg.o(i.atk_mo1218_nmea_str2num), (142 bytes).
    Removing atk_mo1218_uart.o(.rev16_text), (4 bytes).
    Removing atk_mo1218_uart.o(.revsh_text), (4 bytes).
    Removing atk_mo1218_uart.o(.rrx_text), (6 bytes).
    Removing atk_mo1218_uart.o(i.atk_mo1218_uart_printf), (60 bytes).
    Removing atk_mo1218_uart.o(i.atk_mo1218_uart_rx_get_frame_len), (36 bytes).
    Removing gps.o(.rev16_text), (4 bytes).
    Removing gps.o(.revsh_text), (4 bytes).
    Removing gps.o(.rrx_text), (6 bytes).
    Removing gps.o(i.GCJ02_To_BD09), (508 bytes).
    Removing gps.o(i.GPS84_To_GCJ02), (672 bytes).
    Removing gps.o(i.GPS_transformation), (64 bytes).
    Removing gps.o(i.GPS_update), (280 bytes).
    Removing gps.o(i.radian), (88 bytes).
    Removing gps.o(i.transformLat), (1072 bytes).
    Removing gps.o(i.transformLon), (1044 bytes).
    Removing gps.o(.data), (32 bytes).
    Removing inv_mpu.o(.rev16_text), (4 bytes).
    Removing inv_mpu.o(.revsh_text), (4 bytes).
    Removing inv_mpu.o(.rrx_text), (6 bytes).
    Removing inv_mpu.o(i.accel_self_test), (192 bytes).
    Removing inv_mpu.o(i.atk_ms6050_dmp_get_data), (536 bytes).
    Removing inv_mpu.o(i.atk_ms6050_dmp_init), (216 bytes).
    Removing inv_mpu.o(i.atk_ms6050_get_clock_ms), (20 bytes).
    Removing inv_mpu.o(i.atk_ms6050_run_self_test), (154 bytes).
    Removing inv_mpu.o(i.get_accel_prod_shift), (208 bytes).
    Removing inv_mpu.o(i.get_st_biases), (1136 bytes).
    Removing inv_mpu.o(i.gyro_self_test), (284 bytes).
    Removing inv_mpu.o(i.inv_row_2_scale), (78 bytes).
    Removing inv_mpu.o(i.mpu_configure_fifo), (112 bytes).
    Removing inv_mpu.o(i.mpu_get_accel_fsr), (76 bytes).
    Removing inv_mpu.o(i.mpu_get_accel_reg), (116 bytes).
    Removing inv_mpu.o(i.mpu_get_accel_sens), (84 bytes).
    Removing inv_mpu.o(i.mpu_get_compass_fsr), (8 bytes).
    Removing inv_mpu.o(i.mpu_get_compass_reg), (8 bytes).
    Removing inv_mpu.o(i.mpu_get_compass_sample_rate), (10 bytes).
    Removing inv_mpu.o(i.mpu_get_dmp_state), (20 bytes).
    Removing inv_mpu.o(i.mpu_get_fifo_config), (16 bytes).
    Removing inv_mpu.o(i.mpu_get_gyro_fsr), (68 bytes).
    Removing inv_mpu.o(i.mpu_get_gyro_reg), (116 bytes).
    Removing inv_mpu.o(i.mpu_get_gyro_sens), (96 bytes).
    Removing inv_mpu.o(i.mpu_get_int_status), (68 bytes).
    Removing inv_mpu.o(i.mpu_get_lpf), (80 bytes).
    Removing inv_mpu.o(i.mpu_get_power_state), (28 bytes).
    Removing inv_mpu.o(i.mpu_get_sample_rate), (32 bytes).
    Removing inv_mpu.o(i.mpu_get_temperature), (156 bytes).
    Removing inv_mpu.o(i.mpu_init), (424 bytes).
    Removing inv_mpu.o(i.mpu_load_firmware), (184 bytes).
    Removing inv_mpu.o(i.mpu_lp_accel_mode), (224 bytes).
    Removing inv_mpu.o(i.mpu_lp_motion_interrupt), (516 bytes).
    Removing inv_mpu.o(i.mpu_read_fifo), (504 bytes).
    Removing inv_mpu.o(i.mpu_read_fifo_stream), (192 bytes).
    Removing inv_mpu.o(i.mpu_read_mem), (128 bytes).
    Removing inv_mpu.o(i.mpu_read_reg), (72 bytes).
    Removing inv_mpu.o(i.mpu_reg_dump), (80 bytes).
    Removing inv_mpu.o(i.mpu_reset_fifo), (456 bytes).
    Removing inv_mpu.o(i.mpu_run_self_test), (284 bytes).
    Removing inv_mpu.o(i.mpu_set_accel_bias), (384 bytes).
    Removing inv_mpu.o(i.mpu_set_accel_fsr), (132 bytes).
    Removing inv_mpu.o(i.mpu_set_bypass), (332 bytes).
    Removing inv_mpu.o(i.mpu_set_compass_sample_rate), (8 bytes).
    Removing inv_mpu.o(i.mpu_set_dmp_state), (144 bytes).
    Removing inv_mpu.o(i.mpu_set_gyro_fsr), (136 bytes).
    Removing inv_mpu.o(i.mpu_set_int_latched), (108 bytes).
    Removing inv_mpu.o(i.mpu_set_int_level), (16 bytes).
    Removing inv_mpu.o(i.mpu_set_lpf), (132 bytes).
    Removing inv_mpu.o(i.mpu_set_sample_rate), (156 bytes).
    Removing inv_mpu.o(i.mpu_set_sensors), (208 bytes).
    Removing inv_mpu.o(i.mpu_write_mem), (128 bytes).
    Removing inv_mpu.o(i.set_int_enable), (144 bytes).
    Removing inv_mpu.o(.constdata), (80 bytes).
    Removing inv_mpu.o(.data), (54 bytes).
    Removing inv_mpu_dmp_motion_driver.o(.rev16_text), (4 bytes).
    Removing inv_mpu_dmp_motion_driver.o(.revsh_text), (4 bytes).
    Removing inv_mpu_dmp_motion_driver.o(.rrx_text), (6 bytes).
    Removing inv_mpu_dmp_motion_driver.o(i.decode_gesture), (100 bytes).
    Removing inv_mpu_dmp_motion_driver.o(i.dmp_enable_6x_lp_quat), (60 bytes).
    Removing inv_mpu_dmp_motion_driver.o(i.dmp_enable_feature), (540 bytes).
    Removing inv_mpu_dmp_motion_driver.o(i.dmp_enable_gyro_cal), (88 bytes).
    Removing inv_mpu_dmp_motion_driver.o(i.dmp_enable_lp_quat), (60 bytes).
    Removing inv_mpu_dmp_motion_driver.o(i.dmp_get_enabled_features), (16 bytes).
    Removing inv_mpu_dmp_motion_driver.o(i.dmp_get_fifo_rate), (16 bytes).
    Removing inv_mpu_dmp_motion_driver.o(i.dmp_get_pedometer_step_count), (66 bytes).
    Removing inv_mpu_dmp_motion_driver.o(i.dmp_get_pedometer_walk_time), (72 bytes).
    Removing inv_mpu_dmp_motion_driver.o(i.dmp_load_motion_driver_firmware), (24 bytes).
    Removing inv_mpu_dmp_motion_driver.o(i.dmp_read_fifo), (460 bytes).
    Removing inv_mpu_dmp_motion_driver.o(i.dmp_register_android_orient_cb), (16 bytes).
    Removing inv_mpu_dmp_motion_driver.o(i.dmp_register_tap_cb), (16 bytes).
    Removing inv_mpu_dmp_motion_driver.o(i.dmp_set_accel_bias), (308 bytes).
    Removing inv_mpu_dmp_motion_driver.o(i.dmp_set_fifo_rate), (112 bytes).
    Removing inv_mpu_dmp_motion_driver.o(i.dmp_set_gyro_bias), (304 bytes).
    Removing inv_mpu_dmp_motion_driver.o(i.dmp_set_interrupt_mode), (92 bytes).
    Removing inv_mpu_dmp_motion_driver.o(i.dmp_set_orientation), (312 bytes).
    Removing inv_mpu_dmp_motion_driver.o(i.dmp_set_pedometer_step_count), (42 bytes).
    Removing inv_mpu_dmp_motion_driver.o(i.dmp_set_pedometer_walk_time), (48 bytes).
    Removing inv_mpu_dmp_motion_driver.o(i.dmp_set_shake_reject_thresh), (56 bytes).
    Removing inv_mpu_dmp_motion_driver.o(i.dmp_set_shake_reject_time), (38 bytes).
    Removing inv_mpu_dmp_motion_driver.o(i.dmp_set_shake_reject_timeout), (38 bytes).
    Removing inv_mpu_dmp_motion_driver.o(i.dmp_set_tap_axes), (70 bytes).
    Removing inv_mpu_dmp_motion_driver.o(i.dmp_set_tap_count), (38 bytes).
    Removing inv_mpu_dmp_motion_driver.o(i.dmp_set_tap_thresh), (448 bytes).
    Removing inv_mpu_dmp_motion_driver.o(i.dmp_set_tap_time), (38 bytes).
    Removing inv_mpu_dmp_motion_driver.o(i.dmp_set_tap_time_multi), (38 bytes).
    Removing inv_mpu_dmp_motion_driver.o(.bss), (16 bytes).
    Removing inv_mpu_dmp_motion_driver.o(.constdata), (3062 bytes).
    Removing dfltui.o(.text), (26 bytes).
    Removing f2d.o(.text), (38 bytes).
    Removing d2f.o(.text), (56 bytes).
    Removing fepilogue.o(.text), (110 bytes).
    Removing dneg.o(.text), (6 bytes).
    Removing dsqrt.o(.text), (162 bytes).
    Removing cdcmple.o(.text), (48 bytes).
    Removing dflti.o(.text), (34 bytes).
    Removing dfixi.o(.text), (62 bytes).

696 unused section(s) (total 91542 bytes) removed from the image.

==============================================================================

Image Symbol Table

    Local Symbols

    Symbol Name                              Value     Ov Type        Size  Object(Section)

    ../Core/Src/gpio.c                       0x00000000   Number         0  gpio.o ABSOLUTE
    ../Core/Src/i2c.c                        0x00000000   Number         0  i2c.o ABSOLUTE
    ../Core/Src/main.c                       0x00000000   Number         0  main.o ABSOLUTE
    ../Core/Src/stm32f4xx_hal_msp.c          0x00000000   Number         0  stm32f4xx_hal_msp.o ABSOLUTE
    ../Core/Src/stm32f4xx_it.c               0x00000000   Number         0  stm32f4xx_it.o ABSOLUTE
    ../Core/Src/system_stm32f4xx.c           0x00000000   Number         0  system_stm32f4xx.o ABSOLUTE
    ../Core/Src/tim.c                        0x00000000   Number         0  tim.o ABSOLUTE
    ../Core/Src/usart.c                      0x00000000   Number         0  usart.o ABSOLUTE
    ../Drivers/STM32F4xx_HAL_Driver/Src/stm32f4xx_hal.c 0x00000000   Number         0  stm32f4xx_hal.o ABSOLUTE
    ../Drivers/STM32F4xx_HAL_Driver/Src/stm32f4xx_hal_cortex.c 0x00000000   Number         0  stm32f4xx_hal_cortex.o ABSOLUTE
    ../Drivers/STM32F4xx_HAL_Driver/Src/stm32f4xx_hal_dma.c 0x00000000   Number         0  stm32f4xx_hal_dma.o ABSOLUTE
    ../Drivers/STM32F4xx_HAL_Driver/Src/stm32f4xx_hal_dma_ex.c 0x00000000   Number         0  stm32f4xx_hal_dma_ex.o ABSOLUTE
    ../Drivers/STM32F4xx_HAL_Driver/Src/stm32f4xx_hal_exti.c 0x00000000   Number         0  stm32f4xx_hal_exti.o ABSOLUTE
    ../Drivers/STM32F4xx_HAL_Driver/Src/stm32f4xx_hal_flash.c 0x00000000   Number         0  stm32f4xx_hal_flash.o ABSOLUTE
    ../Drivers/STM32F4xx_HAL_Driver/Src/stm32f4xx_hal_flash_ex.c 0x00000000   Number         0  stm32f4xx_hal_flash_ex.o ABSOLUTE
    ../Drivers/STM32F4xx_HAL_Driver/Src/stm32f4xx_hal_flash_ramfunc.c 0x00000000   Number         0  stm32f4xx_hal_flash_ramfunc.o ABSOLUTE
    ../Drivers/STM32F4xx_HAL_Driver/Src/stm32f4xx_hal_gpio.c 0x00000000   Number         0  stm32f4xx_hal_gpio.o ABSOLUTE
    ../Drivers/STM32F4xx_HAL_Driver/Src/stm32f4xx_hal_i2c.c 0x00000000   Number         0  stm32f4xx_hal_i2c.o ABSOLUTE
    ../Drivers/STM32F4xx_HAL_Driver/Src/stm32f4xx_hal_i2c_ex.c 0x00000000   Number         0  stm32f4xx_hal_i2c_ex.o ABSOLUTE
    ../Drivers/STM32F4xx_HAL_Driver/Src/stm32f4xx_hal_pwr.c 0x00000000   Number         0  stm32f4xx_hal_pwr.o ABSOLUTE
    ../Drivers/STM32F4xx_HAL_Driver/Src/stm32f4xx_hal_pwr_ex.c 0x00000000   Number         0  stm32f4xx_hal_pwr_ex.o ABSOLUTE
    ../Drivers/STM32F4xx_HAL_Driver/Src/stm32f4xx_hal_rcc.c 0x00000000   Number         0  stm32f4xx_hal_rcc.o ABSOLUTE
    ../Drivers/STM32F4xx_HAL_Driver/Src/stm32f4xx_hal_rcc_ex.c 0x00000000   Number         0  stm32f4xx_hal_rcc_ex.o ABSOLUTE
    ../Drivers/STM32F4xx_HAL_Driver/Src/stm32f4xx_hal_tim.c 0x00000000   Number         0  stm32f4xx_hal_tim.o ABSOLUTE
    ../Drivers/STM32F4xx_HAL_Driver/Src/stm32f4xx_hal_tim_ex.c 0x00000000   Number         0  stm32f4xx_hal_tim_ex.o ABSOLUTE
    ../Drivers/STM32F4xx_HAL_Driver/Src/stm32f4xx_hal_uart.c 0x00000000   Number         0  stm32f4xx_hal_uart.o ABSOLUTE
    ../clib/microlib/division.c              0x00000000   Number         0  uidiv.o ABSOLUTE
    ../clib/microlib/division.c              0x00000000   Number         0  uldiv.o ABSOLUTE
    ../clib/microlib/division.c              0x00000000   Number         0  ldiv.o ABSOLUTE
    ../clib/microlib/errno.c                 0x00000000   Number         0  errno.o ABSOLUTE
    ../clib/microlib/init/entry.s            0x00000000   Number         0  entry2.o ABSOLUTE
    ../clib/microlib/init/entry.s            0x00000000   Number         0  entry.o ABSOLUTE
    ../clib/microlib/init/entry.s            0x00000000   Number         0  entry9b.o ABSOLUTE
    ../clib/microlib/init/entry.s            0x00000000   Number         0  entry10a.o ABSOLUTE
    ../clib/microlib/init/entry.s            0x00000000   Number         0  entry8a.o ABSOLUTE
    ../clib/microlib/init/entry.s            0x00000000   Number         0  entry11b.o ABSOLUTE
    ../clib/microlib/init/entry.s            0x00000000   Number         0  entry11a.o ABSOLUTE
    ../clib/microlib/init/entry.s            0x00000000   Number         0  entry10b.o ABSOLUTE
    ../clib/microlib/init/entry.s            0x00000000   Number         0  entry9a.o ABSOLUTE
    ../clib/microlib/init/entry.s            0x00000000   Number         0  entry8b.o ABSOLUTE
    ../clib/microlib/init/entry.s            0x00000000   Number         0  entry7b.o ABSOLUTE
    ../clib/microlib/init/entry.s            0x00000000   Number         0  entry7a.o ABSOLUTE
    ../clib/microlib/init/entry.s            0x00000000   Number         0  entry5.o ABSOLUTE
    ../clib/microlib/longlong.c              0x00000000   Number         0  llshl.o ABSOLUTE
    ../clib/microlib/longlong.c              0x00000000   Number         0  llushr.o ABSOLUTE
    ../clib/microlib/longlong.c              0x00000000   Number         0  llsshr.o ABSOLUTE
    ../clib/microlib/malloc/malloc.c         0x00000000   Number         0  malloca.o ABSOLUTE
    ../clib/microlib/malloc/malloc.c         0x00000000   Number         0  malloc.o ABSOLUTE
    ../clib/microlib/malloc/malloc.c         0x00000000   Number         0  mallocr.o ABSOLUTE
    ../clib/microlib/malloc/malloc.c         0x00000000   Number         0  mallocra.o ABSOLUTE
    ../clib/microlib/malloc/mvars.c          0x00000000   Number         0  mvars.o ABSOLUTE
    ../clib/microlib/printf/printf.c         0x00000000   Number         0  printf1.o ABSOLUTE
    ../clib/microlib/printf/printf.c         0x00000000   Number         0  printfb.o ABSOLUTE
    ../clib/microlib/printf/printf.c         0x00000000   Number         0  printf0.o ABSOLUTE
    ../clib/microlib/printf/printf.c         0x00000000   Number         0  printf2.o ABSOLUTE
    ../clib/microlib/printf/printf.c         0x00000000   Number         0  printf3.o ABSOLUTE
    ../clib/microlib/printf/printf.c         0x00000000   Number         0  printf5.o ABSOLUTE
    ../clib/microlib/printf/printf.c         0x00000000   Number         0  printf6.o ABSOLUTE
    ../clib/microlib/printf/printf.c         0x00000000   Number         0  printf4.o ABSOLUTE
    ../clib/microlib/printf/printf.c         0x00000000   Number         0  printf8.o ABSOLUTE
    ../clib/microlib/printf/printf.c         0x00000000   Number         0  printfa.o ABSOLUTE
    ../clib/microlib/printf/printf.c         0x00000000   Number         0  printf7.o ABSOLUTE
    ../clib/microlib/printf/stubs.s          0x00000000   Number         0  stubs.o ABSOLUTE
    ../clib/microlib/stdio/streams.c         0x00000000   Number         0  stdout.o ABSOLUTE
    ../clib/microlib/string/memcmp.c         0x00000000   Number         0  memcmp.o ABSOLUTE
    ../clib/microlib/string/memcpy.c         0x00000000   Number         0  memcpya.o ABSOLUTE
    ../clib/microlib/string/memcpy.c         0x00000000   Number         0  memcpyb.o ABSOLUTE
    ../clib/microlib/string/memset.c         0x00000000   Number         0  memseta.o ABSOLUTE
    ../clib/microlib/string/strlen.c         0x00000000   Number         0  strlen.o ABSOLUTE
    ../clib/microlib/stubs.s                 0x00000000   Number         0  iusefp.o ABSOLUTE
    ../fplib/microlib/d2f.c                  0x00000000   Number         0  d2f.o ABSOLUTE
    ../fplib/microlib/f2d.c                  0x00000000   Number         0  f2d.o ABSOLUTE
    ../fplib/microlib/fpadd.c                0x00000000   Number         0  dadd.o ABSOLUTE
    ../fplib/microlib/fpdiv.c                0x00000000   Number         0  ddiv.o ABSOLUTE
    ../fplib/microlib/fpepilogue.c           0x00000000   Number         0  depilogue.o ABSOLUTE
    ../fplib/microlib/fpepilogue.c           0x00000000   Number         0  fepilogue.o ABSOLUTE
    ../fplib/microlib/fpfix.c                0x00000000   Number         0  dfixi.o ABSOLUTE
    ../fplib/microlib/fpfix.c                0x00000000   Number         0  dfixul.o ABSOLUTE
    ../fplib/microlib/fpflt.c                0x00000000   Number         0  dflti.o ABSOLUTE
    ../fplib/microlib/fpflt.c                0x00000000   Number         0  dfltui.o ABSOLUTE
    ../fplib/microlib/fpmul.c                0x00000000   Number         0  dmul.o ABSOLUTE
    ../fplib/microlib/fpneg.c                0x00000000   Number         0  dneg.o ABSOLUTE
    ../fplib/microlib/fpsqrt.c               0x00000000   Number         0  dsqrt.o ABSOLUTE
    ../mathlib/asin.c                        0x00000000   Number         0  asin_x.o ABSOLUTE
    ../mathlib/asin.c                        0x00000000   Number         0  asin.o ABSOLUTE
    ../mathlib/atan.c                        0x00000000   Number         0  atan.o ABSOLUTE
    ../mathlib/atan.c                        0x00000000   Number         0  atan_x.o ABSOLUTE
    ../mathlib/atan2.c                       0x00000000   Number         0  atan2.o ABSOLUTE
    ../mathlib/atan2.c                       0x00000000   Number         0  atan2_x.o ABSOLUTE
    ../mathlib/cos.c                         0x00000000   Number         0  cos_x.o ABSOLUTE
    ../mathlib/cos.c                         0x00000000   Number         0  cos.o ABSOLUTE
    ../mathlib/cos_i.c                       0x00000000   Number         0  cos_i.o ABSOLUTE
    ../mathlib/dunder.c                      0x00000000   Number         0  dunder.o ABSOLUTE
    ../mathlib/fabs.c                        0x00000000   Number         0  fabs.o ABSOLUTE
    ../mathlib/fpclassify.c                  0x00000000   Number         0  fpclassify.o ABSOLUTE
    ../mathlib/poly.c                        0x00000000   Number         0  poly.o ABSOLUTE
    ../mathlib/qnan.c                        0x00000000   Number         0  qnan.o ABSOLUTE
    ../mathlib/rred.c                        0x00000000   Number         0  rred.o ABSOLUTE
    ../mathlib/sin.c                         0x00000000   Number         0  sin.o ABSOLUTE
    ../mathlib/sin.c                         0x00000000   Number         0  sin_x.o ABSOLUTE
    ../mathlib/sin_i.c                       0x00000000   Number         0  sin_i.o ABSOLUTE
    ../mathlib/sin_i.c                       0x00000000   Number         0  sin_i_x.o ABSOLUTE
    ../mathlib/sqrt.c                        0x00000000   Number         0  sqrt.o ABSOLUTE
    ../mathlib/sqrt.c                        0x00000000   Number         0  sqrt_x.o ABSOLUTE
    ..\Core\App\Src\US_100.c                 0x00000000   Number         0  us_100.o ABSOLUTE
    ..\Core\App\Src\demo.c                   0x00000000   Number         0  demo.o ABSOLUTE
    ..\Core\App\Src\mpu6050.c                0x00000000   Number         0  mpu6050.o ABSOLUTE
    ..\Core\App\eMPL\inv_mpu.c               0x00000000   Number         0  inv_mpu.o ABSOLUTE
    ..\Core\App\eMPL\inv_mpu_dmp_motion_driver.c 0x00000000   Number         0  inv_mpu_dmp_motion_driver.o ABSOLUTE
    ..\Core\Src\ATK_MO1218\atk_mo1218.c      0x00000000   Number         0  atk_mo1218.o ABSOLUTE
    ..\Core\Src\ATK_MO1218\atk_mo1218_bin_msg.c 0x00000000   Number         0  atk_mo1218_bin_msg.o ABSOLUTE
    ..\Core\Src\ATK_MO1218\atk_mo1218_nmea_msg.c 0x00000000   Number         0  atk_mo1218_nmea_msg.o ABSOLUTE
    ..\Core\Src\ATK_MO1218\atk_mo1218_uart.c 0x00000000   Number         0  atk_mo1218_uart.o ABSOLUTE
    ..\Core\Src\gpio.c                       0x00000000   Number         0  gpio.o ABSOLUTE
    ..\Core\Src\i2c.c                        0x00000000   Number         0  i2c.o ABSOLUTE
    ..\Core\Src\main.c                       0x00000000   Number         0  main.o ABSOLUTE
    ..\Core\Src\stm32f4xx_hal_msp.c          0x00000000   Number         0  stm32f4xx_hal_msp.o ABSOLUTE
    ..\Core\Src\stm32f4xx_it.c               0x00000000   Number         0  stm32f4xx_it.o ABSOLUTE
    ..\Core\Src\system_stm32f4xx.c           0x00000000   Number         0  system_stm32f4xx.o ABSOLUTE
    ..\Core\Src\tim.c                        0x00000000   Number         0  tim.o ABSOLUTE
    ..\Core\Src\usart.c                      0x00000000   Number         0  usart.o ABSOLUTE
    ..\Drivers\STM32F4xx_HAL_Driver\Src\stm32f4xx_hal.c 0x00000000   Number         0  stm32f4xx_hal.o ABSOLUTE
    ..\Drivers\STM32F4xx_HAL_Driver\Src\stm32f4xx_hal_cortex.c 0x00000000   Number         0  stm32f4xx_hal_cortex.o ABSOLUTE
    ..\Drivers\STM32F4xx_HAL_Driver\Src\stm32f4xx_hal_dma.c 0x00000000   Number         0  stm32f4xx_hal_dma.o ABSOLUTE
    ..\Drivers\STM32F4xx_HAL_Driver\Src\stm32f4xx_hal_dma_ex.c 0x00000000   Number         0  stm32f4xx_hal_dma_ex.o ABSOLUTE
    ..\Drivers\STM32F4xx_HAL_Driver\Src\stm32f4xx_hal_exti.c 0x00000000   Number         0  stm32f4xx_hal_exti.o ABSOLUTE
    ..\Drivers\STM32F4xx_HAL_Driver\Src\stm32f4xx_hal_flash.c 0x00000000   Number         0  stm32f4xx_hal_flash.o ABSOLUTE
    ..\Drivers\STM32F4xx_HAL_Driver\Src\stm32f4xx_hal_flash_ex.c 0x00000000   Number         0  stm32f4xx_hal_flash_ex.o ABSOLUTE
    ..\Drivers\STM32F4xx_HAL_Driver\Src\stm32f4xx_hal_flash_ramfunc.c 0x00000000   Number         0  stm32f4xx_hal_flash_ramfunc.o ABSOLUTE
    ..\Drivers\STM32F4xx_HAL_Driver\Src\stm32f4xx_hal_gpio.c 0x00000000   Number         0  stm32f4xx_hal_gpio.o ABSOLUTE
    ..\Drivers\STM32F4xx_HAL_Driver\Src\stm32f4xx_hal_i2c.c 0x00000000   Number         0  stm32f4xx_hal_i2c.o ABSOLUTE
    ..\Drivers\STM32F4xx_HAL_Driver\Src\stm32f4xx_hal_i2c_ex.c 0x00000000   Number         0  stm32f4xx_hal_i2c_ex.o ABSOLUTE
    ..\Drivers\STM32F4xx_HAL_Driver\Src\stm32f4xx_hal_pwr.c 0x00000000   Number         0  stm32f4xx_hal_pwr.o ABSOLUTE
    ..\Drivers\STM32F4xx_HAL_Driver\Src\stm32f4xx_hal_pwr_ex.c 0x00000000   Number         0  stm32f4xx_hal_pwr_ex.o ABSOLUTE
    ..\Drivers\STM32F4xx_HAL_Driver\Src\stm32f4xx_hal_rcc.c 0x00000000   Number         0  stm32f4xx_hal_rcc.o ABSOLUTE
    ..\Drivers\STM32F4xx_HAL_Driver\Src\stm32f4xx_hal_rcc_ex.c 0x00000000   Number         0  stm32f4xx_hal_rcc_ex.o ABSOLUTE
    ..\Drivers\STM32F4xx_HAL_Driver\Src\stm32f4xx_hal_tim.c 0x00000000   Number         0  stm32f4xx_hal_tim.o ABSOLUTE
    ..\Drivers\STM32F4xx_HAL_Driver\Src\stm32f4xx_hal_tim_ex.c 0x00000000   Number         0  stm32f4xx_hal_tim_ex.o ABSOLUTE
    ..\Drivers\STM32F4xx_HAL_Driver\Src\stm32f4xx_hal_uart.c 0x00000000   Number         0  stm32f4xx_hal_uart.o ABSOLUTE
    ..\\Core\\App\\Src\\US_100.c             0x00000000   Number         0  us_100.o ABSOLUTE
    ..\\Core\\App\\Src\\demo.c               0x00000000   Number         0  demo.o ABSOLUTE
    ..\\Core\\App\\Src\\mpu6050.c            0x00000000   Number         0  mpu6050.o ABSOLUTE
    ..\\Core\\App\\eMPL\\inv_mpu.c           0x00000000   Number         0  inv_mpu.o ABSOLUTE
    ..\\Core\\App\\eMPL\\inv_mpu_dmp_motion_driver.c 0x00000000   Number         0  inv_mpu_dmp_motion_driver.o ABSOLUTE
    ..\\Core\\Src\\ATK_MO1218\\atk_mo1218.c  0x00000000   Number         0  atk_mo1218.o ABSOLUTE
    ..\\Core\\Src\\ATK_MO1218\\atk_mo1218_bin_msg.c 0x00000000   Number         0  atk_mo1218_bin_msg.o ABSOLUTE
    ..\\Core\\Src\\ATK_MO1218\\atk_mo1218_nmea_msg.c 0x00000000   Number         0  atk_mo1218_nmea_msg.o ABSOLUTE
    ..\\Core\\Src\\ATK_MO1218\\atk_mo1218_uart.c 0x00000000   Number         0  atk_mo1218_uart.o ABSOLUTE
    GPS.c                                    0x00000000   Number         0  gps.o ABSOLUTE
    GPS.c                                    0x00000000   Number         0  gps.o ABSOLUTE
    cdcmple.s                                0x00000000   Number         0  cdcmple.o ABSOLUTE
    cdrcmple.s                               0x00000000   Number         0  cdrcmple.o ABSOLUTE
    dc.s                                     0x00000000   Number         0  dc.o ABSOLUTE
    handlers.s                               0x00000000   Number         0  handlers.o ABSOLUTE
    init.s                                   0x00000000   Number         0  init.o ABSOLUTE
    startup_stm32f407xx.s                    0x00000000   Number         0  startup_stm32f407xx.o ABSOLUTE
    RESET                                    0x08000000   Section      392  startup_stm32f407xx.o(RESET)
    .ARM.Collect$$$$00000000                 0x08000188   Section        0  entry.o(.ARM.Collect$$$$00000000)
    .ARM.Collect$$$$00000001                 0x08000188   Section        4  entry2.o(.ARM.Collect$$$$00000001)
    .ARM.Collect$$$$00000004                 0x0800018c   Section        4  entry5.o(.ARM.Collect$$$$00000004)
    .ARM.Collect$$$$00000008                 0x08000190   Section        0  entry7b.o(.ARM.Collect$$$$00000008)
    .ARM.Collect$$$$0000000A                 0x08000190   Section        0  entry8b.o(.ARM.Collect$$$$0000000A)
    .ARM.Collect$$$$0000000B                 0x08000190   Section        8  entry9a.o(.ARM.Collect$$$$0000000B)
    .ARM.Collect$$$$0000000D                 0x08000198   Section        0  entry10a.o(.ARM.Collect$$$$0000000D)
    .ARM.Collect$$$$0000000F                 0x08000198   Section        0  entry11a.o(.ARM.Collect$$$$0000000F)
    .ARM.Collect$$$$00002712                 0x08000198   Section        4  entry2.o(.ARM.Collect$$$$00002712)
    __lit__00000000                          0x08000198   Data           4  entry2.o(.ARM.Collect$$$$00002712)
    .text                                    0x0800019c   Section       36  startup_stm32f407xx.o(.text)
    $v0                                      0x0800019c   Number         0  startup_stm32f407xx.o(.text)
    .text                                    0x080001c0   Section        0  uldiv.o(.text)
    .text                                    0x08000222   Section        0  memseta.o(.text)
    .text                                    0x08000246   Section        0  dadd.o(.text)
    .text                                    0x08000394   Section        0  dmul.o(.text)
    .text                                    0x08000478   Section        0  ddiv.o(.text)
    .text                                    0x08000556   Section        0  uidiv.o(.text)
    .text                                    0x08000582   Section        0  llshl.o(.text)
    .text                                    0x080005a0   Section        0  llushr.o(.text)
    .text                                    0x080005c0   Section        0  llsshr.o(.text)
    .text                                    0x080005e4   Section        0  depilogue.o(.text)
    .text                                    0x080005e4   Section        0  iusefp.o(.text)
    .text                                    0x0800069e   Section        0  dfixul.o(.text)
    .text                                    0x080006d0   Section       48  cdrcmple.o(.text)
    .text                                    0x08000700   Section       36  init.o(.text)
    i.BusFault_Handler                       0x08000724   Section        0  stm32f4xx_it.o(i.BusFault_Handler)
    i.DebugMon_Handler                       0x08000728   Section        0  stm32f4xx_it.o(i.DebugMon_Handler)
    i.Error_Handler                          0x0800072a   Section        0  main.o(i.Error_Handler)
    i.GPS_init                               0x08000730   Section        0  gps.o(i.GPS_init)
    i.HAL_Delay                              0x080007dc   Section        0  stm32f4xx_hal.o(i.HAL_Delay)
    i.HAL_GPIO_Init                          0x08000804   Section        0  stm32f4xx_hal_gpio.o(i.HAL_GPIO_Init)
    i.HAL_GPIO_WritePin                      0x080009f8   Section        0  stm32f4xx_hal_gpio.o(i.HAL_GPIO_WritePin)
    i.HAL_GetTick                            0x08000a04   Section        0  stm32f4xx_hal.o(i.HAL_GetTick)
    i.HAL_I2C_Init                           0x08000a10   Section        0  stm32f4xx_hal_i2c.o(i.HAL_I2C_Init)
    i.HAL_I2C_MspInit                        0x08000be0   Section        0  i2c.o(i.HAL_I2C_MspInit)
    i.HAL_IncTick                            0x08000c68   Section        0  stm32f4xx_hal.o(i.HAL_IncTick)
    i.HAL_Init                               0x08000c80   Section        0  stm32f4xx_hal.o(i.HAL_Init)
    i.HAL_InitTick                           0x08000cbc   Section        0  stm32f4xx_hal.o(i.HAL_InitTick)
    i.HAL_MspInit                            0x08000d08   Section        0  stm32f4xx_hal_msp.o(i.HAL_MspInit)
    i.HAL_NVIC_EnableIRQ                     0x08000d50   Section        0  stm32f4xx_hal_cortex.o(i.HAL_NVIC_EnableIRQ)
    i.HAL_NVIC_SetPriority                   0x08000d70   Section        0  stm32f4xx_hal_cortex.o(i.HAL_NVIC_SetPriority)
    i.HAL_NVIC_SetPriorityGrouping           0x08000dec   Section        0  stm32f4xx_hal_cortex.o(i.HAL_NVIC_SetPriorityGrouping)
    i.HAL_RCC_ClockConfig                    0x08000e14   Section        0  stm32f4xx_hal_rcc.o(i.HAL_RCC_ClockConfig)
    i.HAL_RCC_GetHCLKFreq                    0x08000f98   Section        0  stm32f4xx_hal_rcc.o(i.HAL_RCC_GetHCLKFreq)
    i.HAL_RCC_GetPCLK1Freq                   0x08000fa4   Section        0  stm32f4xx_hal_rcc.o(i.HAL_RCC_GetPCLK1Freq)
    i.HAL_RCC_GetPCLK2Freq                   0x08000fc4   Section        0  stm32f4xx_hal_rcc.o(i.HAL_RCC_GetPCLK2Freq)
    i.HAL_RCC_GetSysClockFreq                0x08000fe4   Section        0  stm32f4xx_hal_rcc.o(i.HAL_RCC_GetSysClockFreq)
    i.HAL_RCC_OscConfig                      0x08001094   Section        0  stm32f4xx_hal_rcc.o(i.HAL_RCC_OscConfig)
    i.HAL_SYSTICK_Config                     0x08001530   Section        0  stm32f4xx_hal_cortex.o(i.HAL_SYSTICK_Config)
    i.HAL_TIMEx_BreakCallback                0x08001564   Section        0  stm32f4xx_hal_tim_ex.o(i.HAL_TIMEx_BreakCallback)
    i.HAL_TIMEx_CommutCallback               0x08001566   Section        0  stm32f4xx_hal_tim_ex.o(i.HAL_TIMEx_CommutCallback)
    i.HAL_TIMEx_MasterConfigSynchronization  0x08001568   Section        0  stm32f4xx_hal_tim_ex.o(i.HAL_TIMEx_MasterConfigSynchronization)
    i.HAL_TIM_Base_Init                      0x0800161c   Section        0  stm32f4xx_hal_tim.o(i.HAL_TIM_Base_Init)
    i.HAL_TIM_Base_MspInit                   0x08001684   Section        0  tim.o(i.HAL_TIM_Base_MspInit)
    i.HAL_TIM_Base_Start_IT                  0x08001758   Section        0  stm32f4xx_hal_tim.o(i.HAL_TIM_Base_Start_IT)
    i.HAL_TIM_ConfigClockSource              0x08001800   Section        0  stm32f4xx_hal_tim.o(i.HAL_TIM_ConfigClockSource)
    i.HAL_TIM_IC_CaptureCallback             0x0800190c   Section        0  main.o(i.HAL_TIM_IC_CaptureCallback)
    i.HAL_TIM_IC_ConfigChannel               0x08001990   Section        0  stm32f4xx_hal_tim.o(i.HAL_TIM_IC_ConfigChannel)
    i.HAL_TIM_IC_Init                        0x08001a6e   Section        0  stm32f4xx_hal_tim.o(i.HAL_TIM_IC_Init)
    i.HAL_TIM_IC_MspInit                     0x08001ad4   Section        0  stm32f4xx_hal_tim.o(i.HAL_TIM_IC_MspInit)
    i.HAL_TIM_IC_Stop_IT                     0x08001ad6   Section        0  stm32f4xx_hal_tim.o(i.HAL_TIM_IC_Stop_IT)
    i.HAL_TIM_IRQHandler                     0x08001bb4   Section        0  stm32f4xx_hal_tim.o(i.HAL_TIM_IRQHandler)
    i.HAL_TIM_OC_DelayElapsedCallback        0x08001d4a   Section        0  stm32f4xx_hal_tim.o(i.HAL_TIM_OC_DelayElapsedCallback)
    i.HAL_TIM_PWM_PulseFinishedCallback      0x08001d4c   Section        0  stm32f4xx_hal_tim.o(i.HAL_TIM_PWM_PulseFinishedCallback)
    i.HAL_TIM_PeriodElapsedCallback          0x08001d50   Section        0  main.o(i.HAL_TIM_PeriodElapsedCallback)
    i.HAL_TIM_TriggerCallback                0x08001d68   Section        0  stm32f4xx_hal_tim.o(i.HAL_TIM_TriggerCallback)
    i.HAL_UART_Init                          0x08001d6a   Section        0  stm32f4xx_hal_uart.o(i.HAL_UART_Init)
    i.HAL_UART_MspInit                       0x08001ddc   Section        0  usart.o(i.HAL_UART_MspInit)
    i.HAL_UART_Receive                       0x08001ed8   Section        0  stm32f4xx_hal_uart.o(i.HAL_UART_Receive)
    i.HAL_UART_Transmit                      0x08001fb4   Section        0  stm32f4xx_hal_uart.o(i.HAL_UART_Transmit)
    i.HardFault_Handler                      0x08002086   Section        0  stm32f4xx_it.o(i.HardFault_Handler)
    i.MX_GPIO_Init                           0x0800208c   Section        0  gpio.o(i.MX_GPIO_Init)
    i.MX_I2C1_Init                           0x08002168   Section        0  i2c.o(i.MX_I2C1_Init)
    i.MX_TIM3_Init                           0x080021a0   Section        0  tim.o(i.MX_TIM3_Init)
    i.MX_TIM4_Init                           0x08002240   Section        0  tim.o(i.MX_TIM4_Init)
    i.MX_USART1_UART_Init                    0x080022b0   Section        0  usart.o(i.MX_USART1_UART_Init)
    i.MX_USART2_UART_Init                    0x080022e8   Section        0  usart.o(i.MX_USART2_UART_Init)
    i.MemManage_Handler                      0x08002320   Section        0  stm32f4xx_it.o(i.MemManage_Handler)
    i.NMI_Handler                            0x08002324   Section        0  stm32f4xx_it.o(i.NMI_Handler)
    i.PendSV_Handler                         0x08002328   Section        0  stm32f4xx_it.o(i.PendSV_Handler)
    i.SVC_Handler                            0x0800232a   Section        0  stm32f4xx_it.o(i.SVC_Handler)
    i.SysTick_Handler                        0x0800232c   Section        0  stm32f4xx_it.o(i.SysTick_Handler)
    i.SystemClock_Config                     0x08002334   Section        0  main.o(i.SystemClock_Config)
    i.SystemInit                             0x080023e8   Section        0  system_stm32f4xx.o(i.SystemInit)
    i.TIM3_IRQHandler                        0x080023fc   Section        0  stm32f4xx_it.o(i.TIM3_IRQHandler)
    i.TIM4_IRQHandler                        0x0800240c   Section        0  stm32f4xx_it.o(i.TIM4_IRQHandler)
    i.TIM_Base_SetConfig                     0x0800241c   Section        0  stm32f4xx_hal_tim.o(i.TIM_Base_SetConfig)
    i.TIM_CCxChannelCmd                      0x080024f4   Section        0  stm32f4xx_hal_tim.o(i.TIM_CCxChannelCmd)
    i.TIM_ETR_SetConfig                      0x08002516   Section        0  stm32f4xx_hal_tim.o(i.TIM_ETR_SetConfig)
    i.TIM_ITRx_SetConfig                     0x0800252c   Section        0  stm32f4xx_hal_tim.o(i.TIM_ITRx_SetConfig)
    TIM_ITRx_SetConfig                       0x0800252d   Thumb Code    18  stm32f4xx_hal_tim.o(i.TIM_ITRx_SetConfig)
    i.TIM_TI1_ConfigInputStage               0x0800253e   Section        0  stm32f4xx_hal_tim.o(i.TIM_TI1_ConfigInputStage)
    TIM_TI1_ConfigInputStage                 0x0800253f   Thumb Code    38  stm32f4xx_hal_tim.o(i.TIM_TI1_ConfigInputStage)
    i.TIM_TI1_SetConfig                      0x08002564   Section        0  stm32f4xx_hal_tim.o(i.TIM_TI1_SetConfig)
    i.TIM_TI2_ConfigInputStage               0x080025f4   Section        0  stm32f4xx_hal_tim.o(i.TIM_TI2_ConfigInputStage)
    TIM_TI2_ConfigInputStage                 0x080025f5   Thumb Code    40  stm32f4xx_hal_tim.o(i.TIM_TI2_ConfigInputStage)
    i.TIM_TI2_SetConfig                      0x0800261c   Section        0  stm32f4xx_hal_tim.o(i.TIM_TI2_SetConfig)
    TIM_TI2_SetConfig                        0x0800261d   Thumb Code    58  stm32f4xx_hal_tim.o(i.TIM_TI2_SetConfig)
    i.TIM_TI3_SetConfig                      0x08002656   Section        0  stm32f4xx_hal_tim.o(i.TIM_TI3_SetConfig)
    TIM_TI3_SetConfig                        0x08002657   Thumb Code    56  stm32f4xx_hal_tim.o(i.TIM_TI3_SetConfig)
    i.TIM_TI4_SetConfig                      0x0800268e   Section        0  stm32f4xx_hal_tim.o(i.TIM_TI4_SetConfig)
    TIM_TI4_SetConfig                        0x0800268f   Thumb Code    60  stm32f4xx_hal_tim.o(i.TIM_TI4_SetConfig)
    i.UART_SetConfig                         0x080026cc   Section        0  stm32f4xx_hal_uart.o(i.UART_SetConfig)
    UART_SetConfig                           0x080026cd   Thumb Code   546  stm32f4xx_hal_uart.o(i.UART_SetConfig)
    i.UART_WaitOnFlagUntilTimeout            0x080028f8   Section        0  stm32f4xx_hal_uart.o(i.UART_WaitOnFlagUntilTimeout)
    UART_WaitOnFlagUntilTimeout              0x080028f9   Thumb Code   146  stm32f4xx_hal_uart.o(i.UART_WaitOnFlagUntilTimeout)
    i.USART2_IRQHandler                      0x0800298c   Section        0  atk_mo1218_uart.o(i.USART2_IRQHandler)
    i.UsageFault_Handler                     0x08002a94   Section        0  stm32f4xx_it.o(i.UsageFault_Handler)
    i.__0printf                              0x08002a98   Section        0  printfa.o(i.__0printf)
    i.__NVIC_GetPriorityGrouping             0x08002ab8   Section        0  stm32f4xx_hal_cortex.o(i.__NVIC_GetPriorityGrouping)
    __NVIC_GetPriorityGrouping               0x08002ab9   Thumb Code    10  stm32f4xx_hal_cortex.o(i.__NVIC_GetPriorityGrouping)
    i.__NVIC_SetPriority                     0x08002ac8   Section        0  stm32f4xx_hal_cortex.o(i.__NVIC_SetPriority)
    __NVIC_SetPriority                       0x08002ac9   Thumb Code    32  stm32f4xx_hal_cortex.o(i.__NVIC_SetPriority)
    i.__scatterload_copy                     0x08002af0   Section       14  handlers.o(i.__scatterload_copy)
    i.__scatterload_null                     0x08002afe   Section        2  handlers.o(i.__scatterload_null)
    i.__scatterload_zeroinit                 0x08002b00   Section       14  handlers.o(i.__scatterload_zeroinit)
    i._fp_digits                             0x08002b10   Section        0  printfa.o(i._fp_digits)
    _fp_digits                               0x08002b11   Thumb Code   366  printfa.o(i._fp_digits)
    i._printf_core                           0x08002c94   Section        0  printfa.o(i._printf_core)
    _printf_core                             0x08002c95   Thumb Code  1744  printfa.o(i._printf_core)
    i._printf_post_padding                   0x08003370   Section        0  printfa.o(i._printf_post_padding)
    _printf_post_padding                     0x08003371   Thumb Code    36  printfa.o(i._printf_post_padding)
    i._printf_pre_padding                    0x08003394   Section        0  printfa.o(i._printf_pre_padding)
    _printf_pre_padding                      0x08003395   Thumb Code    46  printfa.o(i._printf_pre_padding)
    i.atk_mo1218_config_gnss_for_navigation  0x080033c2   Section        0  atk_mo1218_bin_msg.o(i.atk_mo1218_config_gnss_for_navigation)
    i.atk_mo1218_config_nmea_msg             0x08003438   Section        0  atk_mo1218_bin_msg.o(i.atk_mo1218_config_nmea_msg)
    i.atk_mo1218_config_output_type          0x080034ae   Section        0  atk_mo1218_bin_msg.o(i.atk_mo1218_config_output_type)
    i.atk_mo1218_config_position_rate        0x0800351c   Section        0  atk_mo1218_bin_msg.o(i.atk_mo1218_config_position_rate)
    i.atk_mo1218_decode_bin_msg              0x080035c8   Section        0  atk_mo1218_bin_msg.o(i.atk_mo1218_decode_bin_msg)
    atk_mo1218_decode_bin_msg                0x080035c9   Thumb Code   164  atk_mo1218_bin_msg.o(i.atk_mo1218_decode_bin_msg)
    i.atk_mo1218_factory_reset               0x0800366c   Section        0  atk_mo1218_bin_msg.o(i.atk_mo1218_factory_reset)
    i.atk_mo1218_get_sw_version              0x080036ae   Section        0  atk_mo1218_bin_msg.o(i.atk_mo1218_get_sw_version)
    i.atk_mo1218_init                        0x0800374a   Section        0  atk_mo1218.o(i.atk_mo1218_init)
    i.atk_mo1218_send_bin_msg                0x08003768   Section        0  atk_mo1218_bin_msg.o(i.atk_mo1218_send_bin_msg)
    i.atk_mo1218_uart_init                   0x0800383c   Section        0  atk_mo1218_uart.o(i.atk_mo1218_uart_init)
    i.atk_mo1218_uart_rx_get_frame           0x0800386c   Section        0  atk_mo1218_uart.o(i.atk_mo1218_uart_rx_get_frame)
    i.atk_mo1218_uart_rx_restart             0x08003898   Section        0  atk_mo1218_uart.o(i.atk_mo1218_uart_rx_restart)
    i.atk_mo1218_uart_send                   0x080038bc   Section        0  atk_mo1218_uart.o(i.atk_mo1218_uart_send)
    i.fputc                                  0x080038d8   Section        0  usart.o(i.fputc)
    i.main                                   0x080038f8   Section        0  main.o(i.main)
    .constdata                               0x08003940   Section       24  system_stm32f4xx.o(.constdata)
    .data                                    0x20000000   Section        9  stm32f4xx_hal.o(.data)
    .data                                    0x2000000c   Section        4  system_stm32f4xx.o(.data)
    .data                                    0x20000010   Section       28  us_100.o(.data)
    .data                                    0x2000002c   Section        4  stdout.o(.data)
    .bss                                     0x20000030   Section       84  i2c.o(.bss)
    .bss                                     0x20000084   Section      144  tim.o(.bss)
    .bss                                     0x20000114   Section      136  usart.o(.bss)
    .bss                                     0x2000019c   Section       94  atk_mo1218_bin_msg.o(.bss)
    msg                                      0x2000019c   Data          94  atk_mo1218_bin_msg.o(.bss)
    .bss                                     0x200001fc   Section     2182  atk_mo1218_uart.o(.bss)
    g_uart_handle                            0x200001fc   Data          68  atk_mo1218_uart.o(.bss)
    g_uart_rx_frame                          0x20000240   Data        2050  atk_mo1218_uart.o(.bss)
    g_uart_tx_buf                            0x20000a42   Data          64  atk_mo1218_uart.o(.bss)
    STACK                                    0x20000a88   Section     1024  startup_stm32f407xx.o(STACK)

    Global Symbols

    Symbol Name                              Value     Ov Type        Size  Object(Section)

    BuildAttributes$$THM_ISAv4$E$P$D$K$B$S$7EM$VFPi3$EXTD16$VFPS$VFMA$PE$A:L22UL41UL21$X:L11$S22US41US21$IEEE1$IW$USESV6$~STKCKD$USESV7$~SHL$OTIME$ROPI$IEEEX$EBA8$MICROLIB$REQ8$PRES8$EABIv2 0x00000000   Number         0  anon$$obj.o ABSOLUTE
    __ARM_use_no_argv                        0x00000000   Number         0  main.o ABSOLUTE
    _printf_a                                0x00000000   Number         0  stubs.o ABSOLUTE
    _printf_c                                0x00000000   Number         0  stubs.o ABSOLUTE
    _printf_charcount                        0x00000000   Number         0  stubs.o ABSOLUTE
    _printf_d                                0x00000000   Number         0  stubs.o ABSOLUTE
    _printf_e                                0x00000000   Number         0  stubs.o ABSOLUTE
    _printf_f                                0x00000000   Number         0  stubs.o ABSOLUTE
    _printf_flags                            0x00000000   Number         0  stubs.o ABSOLUTE
    _printf_fp_dec                           0x00000000   Number         0  stubs.o ABSOLUTE
    _printf_fp_hex                           0x00000000   Number         0  stubs.o ABSOLUTE
    _printf_g                                0x00000000   Number         0  stubs.o ABSOLUTE
    _printf_i                                0x00000000   Number         0  stubs.o ABSOLUTE
    _printf_int_dec                          0x00000000   Number         0  stubs.o ABSOLUTE
    _printf_l                                0x00000000   Number         0  stubs.o ABSOLUTE
    _printf_lc                               0x00000000   Number         0  stubs.o ABSOLUTE
    _printf_ll                               0x00000000   Number         0  stubs.o ABSOLUTE
    _printf_lld                              0x00000000   Number         0  stubs.o ABSOLUTE
    _printf_lli                              0x00000000   Number         0  stubs.o ABSOLUTE
    _printf_llo                              0x00000000   Number         0  stubs.o ABSOLUTE
    _printf_llu                              0x00000000   Number         0  stubs.o ABSOLUTE
    _printf_llx                              0x00000000   Number         0  stubs.o ABSOLUTE
    _printf_longlong_dec                     0x00000000   Number         0  stubs.o ABSOLUTE
    _printf_longlong_hex                     0x00000000   Number         0  stubs.o ABSOLUTE
    _printf_longlong_oct                     0x00000000   Number         0  stubs.o ABSOLUTE
    _printf_ls                               0x00000000   Number         0  stubs.o ABSOLUTE
    _printf_mbtowc                           0x00000000   Number         0  stubs.o ABSOLUTE
    _printf_n                                0x00000000   Number         0  stubs.o ABSOLUTE
    _printf_o                                0x00000000   Number         0  stubs.o ABSOLUTE
    _printf_p                                0x00000000   Number         0  stubs.o ABSOLUTE
    _printf_percent                          0x00000000   Number         0  stubs.o ABSOLUTE
    _printf_pre_padding                      0x00000000   Number         0  stubs.o ABSOLUTE
    _printf_return_value                     0x00000000   Number         0  stubs.o ABSOLUTE
    _printf_s                                0x00000000   Number         0  stubs.o ABSOLUTE
    _printf_sizespec                         0x00000000   Number         0  stubs.o ABSOLUTE
    _printf_str                              0x00000000   Number         0  stubs.o ABSOLUTE
    _printf_truncate_signed                  0x00000000   Number         0  stubs.o ABSOLUTE
    _printf_truncate_unsigned                0x00000000   Number         0  stubs.o ABSOLUTE
    _printf_u                                0x00000000   Number         0  stubs.o ABSOLUTE
    _printf_wc                               0x00000000   Number         0  stubs.o ABSOLUTE
    _printf_wctomb                           0x00000000   Number         0  stubs.o ABSOLUTE
    _printf_widthprec                        0x00000000   Number         0  stubs.o ABSOLUTE
    _printf_x                                0x00000000   Number         0  stubs.o ABSOLUTE
    __cpp_initialize__aeabi_                  - Undefined Weak Reference
    __cxa_finalize                            - Undefined Weak Reference
    __decompress                              - Undefined Weak Reference
    _clock_init                               - Undefined Weak Reference
    _microlib_exit                            - Undefined Weak Reference
    __Vectors_Size                           0x00000188   Number         0  startup_stm32f407xx.o ABSOLUTE
    __Vectors                                0x08000000   Data           4  startup_stm32f407xx.o(RESET)
    __Vectors_End                            0x08000188   Data           0  startup_stm32f407xx.o(RESET)
    __main                                   0x08000189   Thumb Code     0  entry.o(.ARM.Collect$$$$00000000)
    _main_stk                                0x08000189   Thumb Code     0  entry2.o(.ARM.Collect$$$$00000001)
    _main_scatterload                        0x0800018d   Thumb Code     0  entry5.o(.ARM.Collect$$$$00000004)
    __main_after_scatterload                 0x08000191   Thumb Code     0  entry5.o(.ARM.Collect$$$$00000004)
    _main_clock                              0x08000191   Thumb Code     0  entry7b.o(.ARM.Collect$$$$00000008)
    _main_cpp_init                           0x08000191   Thumb Code     0  entry8b.o(.ARM.Collect$$$$0000000A)
    _main_init                               0x08000191   Thumb Code     0  entry9a.o(.ARM.Collect$$$$0000000B)
    __rt_final_cpp                           0x08000199   Thumb Code     0  entry10a.o(.ARM.Collect$$$$0000000D)
    __rt_final_exit                          0x08000199   Thumb Code     0  entry11a.o(.ARM.Collect$$$$0000000F)
    Reset_Handler                            0x0800019d   Thumb Code     8  startup_stm32f407xx.o(.text)
    ADC_IRQHandler                           0x080001b7   Thumb Code     0  startup_stm32f407xx.o(.text)
    CAN1_RX0_IRQHandler                      0x080001b7   Thumb Code     0  startup_stm32f407xx.o(.text)
    CAN1_RX1_IRQHandler                      0x080001b7   Thumb Code     0  startup_stm32f407xx.o(.text)
    CAN1_SCE_IRQHandler                      0x080001b7   Thumb Code     0  startup_stm32f407xx.o(.text)
    CAN1_TX_IRQHandler                       0x080001b7   Thumb Code     0  startup_stm32f407xx.o(.text)
    CAN2_RX0_IRQHandler                      0x080001b7   Thumb Code     0  startup_stm32f407xx.o(.text)
    CAN2_RX1_IRQHandler                      0x080001b7   Thumb Code     0  startup_stm32f407xx.o(.text)
    CAN2_SCE_IRQHandler                      0x080001b7   Thumb Code     0  startup_stm32f407xx.o(.text)
    CAN2_TX_IRQHandler                       0x080001b7   Thumb Code     0  startup_stm32f407xx.o(.text)
    DCMI_IRQHandler                          0x080001b7   Thumb Code     0  startup_stm32f407xx.o(.text)
    DMA1_Stream0_IRQHandler                  0x080001b7   Thumb Code     0  startup_stm32f407xx.o(.text)
    DMA1_Stream1_IRQHandler                  0x080001b7   Thumb Code     0  startup_stm32f407xx.o(.text)
    DMA1_Stream2_IRQHandler                  0x080001b7   Thumb Code     0  startup_stm32f407xx.o(.text)
    DMA1_Stream3_IRQHandler                  0x080001b7   Thumb Code     0  startup_stm32f407xx.o(.text)
    DMA1_Stream4_IRQHandler                  0x080001b7   Thumb Code     0  startup_stm32f407xx.o(.text)
    DMA1_Stream5_IRQHandler                  0x080001b7   Thumb Code     0  startup_stm32f407xx.o(.text)
    DMA1_Stream6_IRQHandler                  0x080001b7   Thumb Code     0  startup_stm32f407xx.o(.text)
    DMA1_Stream7_IRQHandler                  0x080001b7   Thumb Code     0  startup_stm32f407xx.o(.text)
    DMA2_Stream0_IRQHandler                  0x080001b7   Thumb Code     0  startup_stm32f407xx.o(.text)
    DMA2_Stream1_IRQHandler                  0x080001b7   Thumb Code     0  startup_stm32f407xx.o(.text)
    DMA2_Stream2_IRQHandler                  0x080001b7   Thumb Code     0  startup_stm32f407xx.o(.text)
    DMA2_Stream3_IRQHandler                  0x080001b7   Thumb Code     0  startup_stm32f407xx.o(.text)
    DMA2_Stream4_IRQHandler                  0x080001b7   Thumb Code     0  startup_stm32f407xx.o(.text)
    DMA2_Stream5_IRQHandler                  0x080001b7   Thumb Code     0  startup_stm32f407xx.o(.text)
    DMA2_Stream6_IRQHandler                  0x080001b7   Thumb Code     0  startup_stm32f407xx.o(.text)
    DMA2_Stream7_IRQHandler                  0x080001b7   Thumb Code     0  startup_stm32f407xx.o(.text)
    ETH_IRQHandler                           0x080001b7   Thumb Code     0  startup_stm32f407xx.o(.text)
    ETH_WKUP_IRQHandler                      0x080001b7   Thumb Code     0  startup_stm32f407xx.o(.text)
    EXTI0_IRQHandler                         0x080001b7   Thumb Code     0  startup_stm32f407xx.o(.text)
    EXTI15_10_IRQHandler                     0x080001b7   Thumb Code     0  startup_stm32f407xx.o(.text)
    EXTI1_IRQHandler                         0x080001b7   Thumb Code     0  startup_stm32f407xx.o(.text)
    EXTI2_IRQHandler                         0x080001b7   Thumb Code     0  startup_stm32f407xx.o(.text)
    EXTI3_IRQHandler                         0x080001b7   Thumb Code     0  startup_stm32f407xx.o(.text)
    EXTI4_IRQHandler                         0x080001b7   Thumb Code     0  startup_stm32f407xx.o(.text)
    EXTI9_5_IRQHandler                       0x080001b7   Thumb Code     0  startup_stm32f407xx.o(.text)
    FLASH_IRQHandler                         0x080001b7   Thumb Code     0  startup_stm32f407xx.o(.text)
    FMC_IRQHandler                           0x080001b7   Thumb Code     0  startup_stm32f407xx.o(.text)
    FPU_IRQHandler                           0x080001b7   Thumb Code     0  startup_stm32f407xx.o(.text)
    HASH_RNG_IRQHandler                      0x080001b7   Thumb Code     0  startup_stm32f407xx.o(.text)
    I2C1_ER_IRQHandler                       0x080001b7   Thumb Code     0  startup_stm32f407xx.o(.text)
    I2C1_EV_IRQHandler                       0x080001b7   Thumb Code     0  startup_stm32f407xx.o(.text)
    I2C2_ER_IRQHandler                       0x080001b7   Thumb Code     0  startup_stm32f407xx.o(.text)
    I2C2_EV_IRQHandler                       0x080001b7   Thumb Code     0  startup_stm32f407xx.o(.text)
    I2C3_ER_IRQHandler                       0x080001b7   Thumb Code     0  startup_stm32f407xx.o(.text)
    I2C3_EV_IRQHandler                       0x080001b7   Thumb Code     0  startup_stm32f407xx.o(.text)
    OTG_FS_IRQHandler                        0x080001b7   Thumb Code     0  startup_stm32f407xx.o(.text)
    OTG_FS_WKUP_IRQHandler                   0x080001b7   Thumb Code     0  startup_stm32f407xx.o(.text)
    OTG_HS_EP1_IN_IRQHandler                 0x080001b7   Thumb Code     0  startup_stm32f407xx.o(.text)
    OTG_HS_EP1_OUT_IRQHandler                0x080001b7   Thumb Code     0  startup_stm32f407xx.o(.text)
    OTG_HS_IRQHandler                        0x080001b7   Thumb Code     0  startup_stm32f407xx.o(.text)
    OTG_HS_WKUP_IRQHandler                   0x080001b7   Thumb Code     0  startup_stm32f407xx.o(.text)
    PVD_IRQHandler                           0x080001b7   Thumb Code     0  startup_stm32f407xx.o(.text)
    RCC_IRQHandler                           0x080001b7   Thumb Code     0  startup_stm32f407xx.o(.text)
    RTC_Alarm_IRQHandler                     0x080001b7   Thumb Code     0  startup_stm32f407xx.o(.text)
    RTC_WKUP_IRQHandler                      0x080001b7   Thumb Code     0  startup_stm32f407xx.o(.text)
    SDIO_IRQHandler                          0x080001b7   Thumb Code     0  startup_stm32f407xx.o(.text)
    SPI1_IRQHandler                          0x080001b7   Thumb Code     0  startup_stm32f407xx.o(.text)
    SPI2_IRQHandler                          0x080001b7   Thumb Code     0  startup_stm32f407xx.o(.text)
    SPI3_IRQHandler                          0x080001b7   Thumb Code     0  startup_stm32f407xx.o(.text)
    TAMP_STAMP_IRQHandler                    0x080001b7   Thumb Code     0  startup_stm32f407xx.o(.text)
    TIM1_BRK_TIM9_IRQHandler                 0x080001b7   Thumb Code     0  startup_stm32f407xx.o(.text)
    TIM1_CC_IRQHandler                       0x080001b7   Thumb Code     0  startup_stm32f407xx.o(.text)
    TIM1_TRG_COM_TIM11_IRQHandler            0x080001b7   Thumb Code     0  startup_stm32f407xx.o(.text)
    TIM1_UP_TIM10_IRQHandler                 0x080001b7   Thumb Code     0  startup_stm32f407xx.o(.text)
    TIM2_IRQHandler                          0x080001b7   Thumb Code     0  startup_stm32f407xx.o(.text)
    TIM5_IRQHandler                          0x080001b7   Thumb Code     0  startup_stm32f407xx.o(.text)
    TIM6_DAC_IRQHandler                      0x080001b7   Thumb Code     0  startup_stm32f407xx.o(.text)
    TIM7_IRQHandler                          0x080001b7   Thumb Code     0  startup_stm32f407xx.o(.text)
    TIM8_BRK_TIM12_IRQHandler                0x080001b7   Thumb Code     0  startup_stm32f407xx.o(.text)
    TIM8_CC_IRQHandler                       0x080001b7   Thumb Code     0  startup_stm32f407xx.o(.text)
    TIM8_TRG_COM_TIM14_IRQHandler            0x080001b7   Thumb Code     0  startup_stm32f407xx.o(.text)
    TIM8_UP_TIM13_IRQHandler                 0x080001b7   Thumb Code     0  startup_stm32f407xx.o(.text)
    UART4_IRQHandler                         0x080001b7   Thumb Code     0  startup_stm32f407xx.o(.text)
    UART5_IRQHandler                         0x080001b7   Thumb Code     0  startup_stm32f407xx.o(.text)
    USART1_IRQHandler                        0x080001b7   Thumb Code     0  startup_stm32f407xx.o(.text)
    USART3_IRQHandler                        0x080001b7   Thumb Code     0  startup_stm32f407xx.o(.text)
    USART6_IRQHandler                        0x080001b7   Thumb Code     0  startup_stm32f407xx.o(.text)
    WWDG_IRQHandler                          0x080001b7   Thumb Code     0  startup_stm32f407xx.o(.text)
    __aeabi_uldivmod                         0x080001c1   Thumb Code    98  uldiv.o(.text)
    __aeabi_memset                           0x08000223   Thumb Code    14  memseta.o(.text)
    __aeabi_memset4                          0x08000223   Thumb Code     0  memseta.o(.text)
    __aeabi_memset8                          0x08000223   Thumb Code     0  memseta.o(.text)
    __aeabi_memclr                           0x08000231   Thumb Code     4  memseta.o(.text)
    __aeabi_memclr4                          0x08000231   Thumb Code     0  memseta.o(.text)
    __aeabi_memclr8                          0x08000231   Thumb Code     0  memseta.o(.text)
    _memset$wrapper                          0x08000235   Thumb Code    18  memseta.o(.text)
    __aeabi_dadd                             0x08000247   Thumb Code   322  dadd.o(.text)
    __aeabi_dsub                             0x08000389   Thumb Code     6  dadd.o(.text)
    __aeabi_drsub                            0x0800038f   Thumb Code     6  dadd.o(.text)
    __aeabi_dmul                             0x08000395   Thumb Code   228  dmul.o(.text)
    __aeabi_ddiv                             0x08000479   Thumb Code   222  ddiv.o(.text)
    __aeabi_uidiv                            0x08000557   Thumb Code     0  uidiv.o(.text)
    __aeabi_uidivmod                         0x08000557   Thumb Code    44  uidiv.o(.text)
    __aeabi_llsl                             0x08000583   Thumb Code    30  llshl.o(.text)
    _ll_shift_l                              0x08000583   Thumb Code     0  llshl.o(.text)
    __aeabi_llsr                             0x080005a1   Thumb Code    32  llushr.o(.text)
    _ll_ushift_r                             0x080005a1   Thumb Code     0  llushr.o(.text)
    __aeabi_lasr                             0x080005c1   Thumb Code    36  llsshr.o(.text)
    _ll_sshift_r                             0x080005c1   Thumb Code     0  llsshr.o(.text)
    __I$use$fp                               0x080005e5   Thumb Code     0  iusefp.o(.text)
    _double_round                            0x080005e5   Thumb Code    30  depilogue.o(.text)
    _double_epilogue                         0x08000603   Thumb Code   156  depilogue.o(.text)
    __aeabi_d2ulz                            0x0800069f   Thumb Code    48  dfixul.o(.text)
    __aeabi_cdrcmple                         0x080006d1   Thumb Code    48  cdrcmple.o(.text)
    __scatterload                            0x08000701   Thumb Code    28  init.o(.text)
    __scatterload_rt2                        0x08000701   Thumb Code     0  init.o(.text)
    BusFault_Handler                         0x08000725   Thumb Code     4  stm32f4xx_it.o(i.BusFault_Handler)
    DebugMon_Handler                         0x08000729   Thumb Code     2  stm32f4xx_it.o(i.DebugMon_Handler)
    Error_Handler                            0x0800072b   Thumb Code     6  main.o(i.Error_Handler)
    GPS_init                                 0x08000731   Thumb Code   110  gps.o(i.GPS_init)
    HAL_Delay                                0x080007dd   Thumb Code    36  stm32f4xx_hal.o(i.HAL_Delay)
    HAL_GPIO_Init                            0x08000805   Thumb Code   454  stm32f4xx_hal_gpio.o(i.HAL_GPIO_Init)
    HAL_GPIO_WritePin                        0x080009f9   Thumb Code    12  stm32f4xx_hal_gpio.o(i.HAL_GPIO_WritePin)
    HAL_GetTick                              0x08000a05   Thumb Code     6  stm32f4xx_hal.o(i.HAL_GetTick)
    HAL_I2C_Init                             0x08000a11   Thumb Code   446  stm32f4xx_hal_i2c.o(i.HAL_I2C_Init)
    HAL_I2C_MspInit                          0x08000be1   Thumb Code   122  i2c.o(i.HAL_I2C_MspInit)
    HAL_IncTick                              0x08000c69   Thumb Code    16  stm32f4xx_hal.o(i.HAL_IncTick)
    HAL_Init                                 0x08000c81   Thumb Code    54  stm32f4xx_hal.o(i.HAL_Init)
    HAL_InitTick                             0x08000cbd   Thumb Code    64  stm32f4xx_hal.o(i.HAL_InitTick)
    HAL_MspInit                              0x08000d09   Thumb Code    68  stm32f4xx_hal_msp.o(i.HAL_MspInit)
    HAL_NVIC_EnableIRQ                       0x08000d51   Thumb Code    32  stm32f4xx_hal_cortex.o(i.HAL_NVIC_EnableIRQ)
    HAL_NVIC_SetPriority                     0x08000d71   Thumb Code   124  stm32f4xx_hal_cortex.o(i.HAL_NVIC_SetPriority)
    HAL_NVIC_SetPriorityGrouping             0x08000ded   Thumb Code    32  stm32f4xx_hal_cortex.o(i.HAL_NVIC_SetPriorityGrouping)
    HAL_RCC_ClockConfig                      0x08000e15   Thumb Code   368  stm32f4xx_hal_rcc.o(i.HAL_RCC_ClockConfig)
    HAL_RCC_GetHCLKFreq                      0x08000f99   Thumb Code     6  stm32f4xx_hal_rcc.o(i.HAL_RCC_GetHCLKFreq)
    HAL_RCC_GetPCLK1Freq                     0x08000fa5   Thumb Code    22  stm32f4xx_hal_rcc.o(i.HAL_RCC_GetPCLK1Freq)
    HAL_RCC_GetPCLK2Freq                     0x08000fc5   Thumb Code    22  stm32f4xx_hal_rcc.o(i.HAL_RCC_GetPCLK2Freq)
    HAL_RCC_GetSysClockFreq                  0x08000fe5   Thumb Code   162  stm32f4xx_hal_rcc.o(i.HAL_RCC_GetSysClockFreq)
    HAL_RCC_OscConfig                        0x08001095   Thumb Code  1172  stm32f4xx_hal_rcc.o(i.HAL_RCC_OscConfig)
    HAL_SYSTICK_Config                       0x08001531   Thumb Code    52  stm32f4xx_hal_cortex.o(i.HAL_SYSTICK_Config)
    HAL_TIMEx_BreakCallback                  0x08001565   Thumb Code     2  stm32f4xx_hal_tim_ex.o(i.HAL_TIMEx_BreakCallback)
    HAL_TIMEx_CommutCallback                 0x08001567   Thumb Code     2  stm32f4xx_hal_tim_ex.o(i.HAL_TIMEx_CommutCallback)
    HAL_TIMEx_MasterConfigSynchronization    0x08001569   Thumb Code   150  stm32f4xx_hal_tim_ex.o(i.HAL_TIMEx_MasterConfigSynchronization)
    HAL_TIM_Base_Init                        0x0800161d   Thumb Code   102  stm32f4xx_hal_tim.o(i.HAL_TIM_Base_Init)
    HAL_TIM_Base_MspInit                     0x08001685   Thumb Code   194  tim.o(i.HAL_TIM_Base_MspInit)
    HAL_TIM_Base_Start_IT                    0x08001759   Thumb Code   138  stm32f4xx_hal_tim.o(i.HAL_TIM_Base_Start_IT)
    HAL_TIM_ConfigClockSource                0x08001801   Thumb Code   268  stm32f4xx_hal_tim.o(i.HAL_TIM_ConfigClockSource)
    HAL_TIM_IC_CaptureCallback               0x0800190d   Thumb Code   114  main.o(i.HAL_TIM_IC_CaptureCallback)
    HAL_TIM_IC_ConfigChannel                 0x08001991   Thumb Code   222  stm32f4xx_hal_tim.o(i.HAL_TIM_IC_ConfigChannel)
    HAL_TIM_IC_Init                          0x08001a6f   Thumb Code   102  stm32f4xx_hal_tim.o(i.HAL_TIM_IC_Init)
    HAL_TIM_IC_MspInit                       0x08001ad5   Thumb Code     2  stm32f4xx_hal_tim.o(i.HAL_TIM_IC_MspInit)
    HAL_TIM_IC_Stop_IT                       0x08001ad7   Thumb Code   222  stm32f4xx_hal_tim.o(i.HAL_TIM_IC_Stop_IT)
    HAL_TIM_IRQHandler                       0x08001bb5   Thumb Code   406  stm32f4xx_hal_tim.o(i.HAL_TIM_IRQHandler)
    HAL_TIM_OC_DelayElapsedCallback          0x08001d4b   Thumb Code     2  stm32f4xx_hal_tim.o(i.HAL_TIM_OC_DelayElapsedCallback)
    HAL_TIM_PWM_PulseFinishedCallback        0x08001d4d   Thumb Code     2  stm32f4xx_hal_tim.o(i.HAL_TIM_PWM_PulseFinishedCallback)
    HAL_TIM_PeriodElapsedCallback            0x08001d51   Thumb Code    16  main.o(i.HAL_TIM_PeriodElapsedCallback)
    HAL_TIM_TriggerCallback                  0x08001d69   Thumb Code     2  stm32f4xx_hal_tim.o(i.HAL_TIM_TriggerCallback)
    HAL_UART_Init                            0x08001d6b   Thumb Code   114  stm32f4xx_hal_uart.o(i.HAL_UART_Init)
    HAL_UART_MspInit                         0x08001ddd   Thumb Code   234  usart.o(i.HAL_UART_MspInit)
    HAL_UART_Receive                         0x08001ed9   Thumb Code   220  stm32f4xx_hal_uart.o(i.HAL_UART_Receive)
    HAL_UART_Transmit                        0x08001fb5   Thumb Code   210  stm32f4xx_hal_uart.o(i.HAL_UART_Transmit)
    HardFault_Handler                        0x08002087   Thumb Code     4  stm32f4xx_it.o(i.HardFault_Handler)
    MX_GPIO_Init                             0x0800208d   Thumb Code   208  gpio.o(i.MX_GPIO_Init)
    MX_I2C1_Init                             0x08002169   Thumb Code    48  i2c.o(i.MX_I2C1_Init)
    MX_TIM3_Init                             0x080021a1   Thumb Code   150  tim.o(i.MX_TIM3_Init)
    MX_TIM4_Init                             0x08002241   Thumb Code   102  tim.o(i.MX_TIM4_Init)
    MX_USART1_UART_Init                      0x080022b1   Thumb Code    46  usart.o(i.MX_USART1_UART_Init)
    MX_USART2_UART_Init                      0x080022e9   Thumb Code    46  usart.o(i.MX_USART2_UART_Init)
    MemManage_Handler                        0x08002321   Thumb Code     4  stm32f4xx_it.o(i.MemManage_Handler)
    NMI_Handler                              0x08002325   Thumb Code     4  stm32f4xx_it.o(i.NMI_Handler)
    PendSV_Handler                           0x08002329   Thumb Code     2  stm32f4xx_it.o(i.PendSV_Handler)
    SVC_Handler                              0x0800232b   Thumb Code     2  stm32f4xx_it.o(i.SVC_Handler)
    SysTick_Handler                          0x0800232d   Thumb Code     8  stm32f4xx_it.o(i.SysTick_Handler)
    SystemClock_Config                       0x08002335   Thumb Code   170  main.o(i.SystemClock_Config)
    SystemInit                               0x080023e9   Thumb Code    14  system_stm32f4xx.o(i.SystemInit)
    TIM3_IRQHandler                          0x080023fd   Thumb Code    10  stm32f4xx_it.o(i.TIM3_IRQHandler)
    TIM4_IRQHandler                          0x0800240d   Thumb Code    10  stm32f4xx_it.o(i.TIM4_IRQHandler)
    TIM_Base_SetConfig                       0x0800241d   Thumb Code   170  stm32f4xx_hal_tim.o(i.TIM_Base_SetConfig)
    TIM_CCxChannelCmd                        0x080024f5   Thumb Code    34  stm32f4xx_hal_tim.o(i.TIM_CCxChannelCmd)
    TIM_ETR_SetConfig                        0x08002517   Thumb Code    22  stm32f4xx_hal_tim.o(i.TIM_ETR_SetConfig)
    TIM_TI1_SetConfig                        0x08002565   Thumb Code   114  stm32f4xx_hal_tim.o(i.TIM_TI1_SetConfig)
    USART2_IRQHandler                        0x0800298d   Thumb Code   256  atk_mo1218_uart.o(i.USART2_IRQHandler)
    UsageFault_Handler                       0x08002a95   Thumb Code     4  stm32f4xx_it.o(i.UsageFault_Handler)
    __0printf                                0x08002a99   Thumb Code    22  printfa.o(i.__0printf)
    __1printf                                0x08002a99   Thumb Code     0  printfa.o(i.__0printf)
    __2printf                                0x08002a99   Thumb Code     0  printfa.o(i.__0printf)
    __c89printf                              0x08002a99   Thumb Code     0  printfa.o(i.__0printf)
    printf                                   0x08002a99   Thumb Code     0  printfa.o(i.__0printf)
    __scatterload_copy                       0x08002af1   Thumb Code    14  handlers.o(i.__scatterload_copy)
    __scatterload_null                       0x08002aff   Thumb Code     2  handlers.o(i.__scatterload_null)
    __scatterload_zeroinit                   0x08002b01   Thumb Code    14  handlers.o(i.__scatterload_zeroinit)
    atk_mo1218_config_gnss_for_navigation    0x080033c3   Thumb Code   118  atk_mo1218_bin_msg.o(i.atk_mo1218_config_gnss_for_navigation)
    atk_mo1218_config_nmea_msg               0x08003439   Thumb Code   118  atk_mo1218_bin_msg.o(i.atk_mo1218_config_nmea_msg)
    atk_mo1218_config_output_type            0x080034af   Thumb Code   110  atk_mo1218_bin_msg.o(i.atk_mo1218_config_output_type)
    atk_mo1218_config_position_rate          0x0800351d   Thumb Code   172  atk_mo1218_bin_msg.o(i.atk_mo1218_config_position_rate)
    atk_mo1218_factory_reset                 0x0800366d   Thumb Code    66  atk_mo1218_bin_msg.o(i.atk_mo1218_factory_reset)
    atk_mo1218_get_sw_version                0x080036af   Thumb Code   156  atk_mo1218_bin_msg.o(i.atk_mo1218_get_sw_version)
    atk_mo1218_init                          0x0800374b   Thumb Code    28  atk_mo1218.o(i.atk_mo1218_init)
    atk_mo1218_send_bin_msg                  0x08003769   Thumb Code   206  atk_mo1218_bin_msg.o(i.atk_mo1218_send_bin_msg)
    atk_mo1218_uart_init                     0x0800383d   Thumb Code    38  atk_mo1218_uart.o(i.atk_mo1218_uart_init)
    atk_mo1218_uart_rx_get_frame             0x0800386d   Thumb Code    38  atk_mo1218_uart.o(i.atk_mo1218_uart_rx_get_frame)
    atk_mo1218_uart_rx_restart               0x08003899   Thumb Code    32  atk_mo1218_uart.o(i.atk_mo1218_uart_rx_restart)
    atk_mo1218_uart_send                     0x080038bd   Thumb Code    22  atk_mo1218_uart.o(i.atk_mo1218_uart_send)
    fputc                                    0x080038d9   Thumb Code    26  usart.o(i.fputc)
    main                                     0x080038f9   Thumb Code    68  main.o(i.main)
    AHBPrescTable                            0x08003940   Data          16  system_stm32f4xx.o(.constdata)
    APBPrescTable                            0x08003950   Data           8  system_stm32f4xx.o(.constdata)
    Region$$Table$$Base                      0x08003958   Number         0  anon$$obj.o(Region$$Table)
    Region$$Table$$Limit                     0x08003978   Number         0  anon$$obj.o(Region$$Table)
    uwTick                                   0x20000000   Data           4  stm32f4xx_hal.o(.data)
    uwTickPrio                               0x20000004   Data           4  stm32f4xx_hal.o(.data)
    uwTickFreq                               0x20000008   Data           1  stm32f4xx_hal.o(.data)
    SystemCoreClock                          0x2000000c   Data           4  system_stm32f4xx.o(.data)
    US100                                    0x20000010   Data           1  us_100.o(.data)
    capture_cnt                              0x20000014   Data           4  us_100.o(.data)
    capture_value1                           0x20000018   Data           4  us_100.o(.data)
    capture_value2                           0x2000001c   Data           4  us_100.o(.data)
    pwm_cycle                                0x20000020   Data           4  us_100.o(.data)
    hightime                                 0x20000024   Data           4  us_100.o(.data)
    distance                                 0x20000028   Data           4  us_100.o(.data)
    __stdout                                 0x2000002c   Data           4  stdout.o(.data)
    hi2c1                                    0x20000030   Data          84  i2c.o(.bss)
    htim3                                    0x20000084   Data          72  tim.o(.bss)
    htim4                                    0x200000cc   Data          72  tim.o(.bss)
    huart1                                   0x20000114   Data          68  usart.o(.bss)
    huart2                                   0x20000158   Data          68  usart.o(.bss)
    __initial_sp                             0x20000e88   Data           0  startup_stm32f407xx.o(STACK)



==============================================================================

Memory Map of the image

  Image Entry point : 0x08000189

  Load Region LR_IROM1 (Base: 0x08000000, Size: 0x000039a8, Max: 0x00100000, ABSOLUTE)

    Execution Region ER_IROM1 (Exec base: 0x08000000, Load base: 0x08000000, Size: 0x00003978, Max: 0x00100000, ABSOLUTE)

    Exec Addr    Load Addr    Size         Type   Attr      Idx    E Section Name        Object

    0x08000000   0x08000000   0x00000188   Data   RO            3    RESET               startup_stm32f407xx.o
    0x08000188   0x08000188   0x00000000   Code   RO         4862  * .ARM.Collect$$$$00000000  mc_w.l(entry.o)
    0x08000188   0x08000188   0x00000004   Code   RO         5223    .ARM.Collect$$$$00000001  mc_w.l(entry2.o)
    0x0800018c   0x0800018c   0x00000004   Code   RO         5226    .ARM.Collect$$$$00000004  mc_w.l(entry5.o)
    0x08000190   0x08000190   0x00000000   Code   RO         5228    .ARM.Collect$$$$00000008  mc_w.l(entry7b.o)
    0x08000190   0x08000190   0x00000000   Code   RO         5230    .ARM.Collect$$$$0000000A  mc_w.l(entry8b.o)
    0x08000190   0x08000190   0x00000008   Code   RO         5231    .ARM.Collect$$$$0000000B  mc_w.l(entry9a.o)
    0x08000198   0x08000198   0x00000000   Code   RO         5233    .ARM.Collect$$$$0000000D  mc_w.l(entry10a.o)
    0x08000198   0x08000198   0x00000000   Code   RO         5235    .ARM.Collect$$$$0000000F  mc_w.l(entry11a.o)
    0x08000198   0x08000198   0x00000004   Code   RO         5224    .ARM.Collect$$$$00002712  mc_w.l(entry2.o)
    0x0800019c   0x0800019c   0x00000024   Code   RO            4    .text               startup_stm32f407xx.o
    0x080001c0   0x080001c0   0x00000062   Code   RO         4865    .text               mc_w.l(uldiv.o)
    0x08000222   0x08000222   0x00000024   Code   RO         4869    .text               mc_w.l(memseta.o)
    0x08000246   0x08000246   0x0000014e   Code   RO         5164    .text               mf_w.l(dadd.o)
    0x08000394   0x08000394   0x000000e4   Code   RO         5166    .text               mf_w.l(dmul.o)
    0x08000478   0x08000478   0x000000de   Code   RO         5168    .text               mf_w.l(ddiv.o)
    0x08000556   0x08000556   0x0000002c   Code   RO         5238    .text               mc_w.l(uidiv.o)
    0x08000582   0x08000582   0x0000001e   Code   RO         5240    .text               mc_w.l(llshl.o)
    0x080005a0   0x080005a0   0x00000020   Code   RO         5242    .text               mc_w.l(llushr.o)
    0x080005c0   0x080005c0   0x00000024   Code   RO         5244    .text               mc_w.l(llsshr.o)
    0x080005e4   0x080005e4   0x00000000   Code   RO         5259    .text               mc_w.l(iusefp.o)
    0x080005e4   0x080005e4   0x000000ba   Code   RO         5262    .text               mf_w.l(depilogue.o)
    0x0800069e   0x0800069e   0x00000030   Code   RO         5268    .text               mf_w.l(dfixul.o)
    0x080006ce   0x080006ce   0x00000002   PAD
    0x080006d0   0x080006d0   0x00000030   Code   RO         5272    .text               mf_w.l(cdrcmple.o)
    0x08000700   0x08000700   0x00000024   Code   RO         5274    .text               mc_w.l(init.o)
    0x08000724   0x08000724   0x00000004   Code   RO          385    i.BusFault_Handler  stm32f4xx_it.o
    0x08000728   0x08000728   0x00000002   Code   RO          386    i.DebugMon_Handler  stm32f4xx_it.o
    0x0800072a   0x0800072a   0x00000006   Code   RO           13    i.Error_Handler     main.o
    0x08000730   0x08000730   0x000000ac   Code   RO         4191    i.GPS_init          gps.o
    0x080007dc   0x080007dc   0x00000028   Code   RO         1918    i.HAL_Delay         stm32f4xx_hal.o
    0x08000804   0x08000804   0x000001f4   Code   RO         1387    i.HAL_GPIO_Init     stm32f4xx_hal_gpio.o
    0x080009f8   0x080009f8   0x0000000c   Code   RO         1391    i.HAL_GPIO_WritePin  stm32f4xx_hal_gpio.o
    0x08000a04   0x08000a04   0x0000000c   Code   RO         1924    i.HAL_GetTick       stm32f4xx_hal.o
    0x08000a10   0x08000a10   0x000001d0   Code   RO          508    i.HAL_I2C_Init      stm32f4xx_hal_i2c.o
    0x08000be0   0x08000be0   0x00000088   Code   RO          242    i.HAL_I2C_MspInit   i2c.o
    0x08000c68   0x08000c68   0x00000018   Code   RO         1930    i.HAL_IncTick       stm32f4xx_hal.o
    0x08000c80   0x08000c80   0x0000003c   Code   RO         1931    i.HAL_Init          stm32f4xx_hal.o
    0x08000cbc   0x08000cbc   0x0000004c   Code   RO         1932    i.HAL_InitTick      stm32f4xx_hal.o
    0x08000d08   0x08000d08   0x00000048   Code   RO          473    i.HAL_MspInit       stm32f4xx_hal_msp.o
    0x08000d50   0x08000d50   0x00000020   Code   RO         1776    i.HAL_NVIC_EnableIRQ  stm32f4xx_hal_cortex.o
    0x08000d70   0x08000d70   0x0000007c   Code   RO         1782    i.HAL_NVIC_SetPriority  stm32f4xx_hal_cortex.o
    0x08000dec   0x08000dec   0x00000028   Code   RO         1783    i.HAL_NVIC_SetPriorityGrouping  stm32f4xx_hal_cortex.o
    0x08000e14   0x08000e14   0x00000184   Code   RO          988    i.HAL_RCC_ClockConfig  stm32f4xx_hal_rcc.o
    0x08000f98   0x08000f98   0x0000000c   Code   RO          993    i.HAL_RCC_GetHCLKFreq  stm32f4xx_hal_rcc.o
    0x08000fa4   0x08000fa4   0x00000020   Code   RO          995    i.HAL_RCC_GetPCLK1Freq  stm32f4xx_hal_rcc.o
    0x08000fc4   0x08000fc4   0x00000020   Code   RO          996    i.HAL_RCC_GetPCLK2Freq  stm32f4xx_hal_rcc.o
    0x08000fe4   0x08000fe4   0x000000b0   Code   RO          997    i.HAL_RCC_GetSysClockFreq  stm32f4xx_hal_rcc.o
    0x08001094   0x08001094   0x0000049c   Code   RO         1000    i.HAL_RCC_OscConfig  stm32f4xx_hal_rcc.o
    0x08001530   0x08001530   0x00000034   Code   RO         1787    i.HAL_SYSTICK_Config  stm32f4xx_hal_cortex.o
    0x08001564   0x08001564   0x00000002   Code   RO         2886    i.HAL_TIMEx_BreakCallback  stm32f4xx_hal_tim_ex.o
    0x08001566   0x08001566   0x00000002   Code   RO         2887    i.HAL_TIMEx_CommutCallback  stm32f4xx_hal_tim_ex.o
    0x08001568   0x08001568   0x000000b4   Code   RO         2905    i.HAL_TIMEx_MasterConfigSynchronization  stm32f4xx_hal_tim_ex.o
    0x0800161c   0x0800161c   0x00000066   Code   RO         2171    i.HAL_TIM_Base_Init  stm32f4xx_hal_tim.o
    0x08001682   0x08001682   0x00000002   PAD
    0x08001684   0x08001684   0x000000d4   Code   RO          284    i.HAL_TIM_Base_MspInit  tim.o
    0x08001758   0x08001758   0x000000a8   Code   RO         2176    i.HAL_TIM_Base_Start_IT  stm32f4xx_hal_tim.o
    0x08001800   0x08001800   0x0000010c   Code   RO         2180    i.HAL_TIM_ConfigClockSource  stm32f4xx_hal_tim.o
    0x0800190c   0x0800190c   0x00000084   Code   RO           14    i.HAL_TIM_IC_CaptureCallback  main.o
    0x08001990   0x08001990   0x000000de   Code   RO         2207    i.HAL_TIM_IC_ConfigChannel  stm32f4xx_hal_tim.o
    0x08001a6e   0x08001a6e   0x00000066   Code   RO         2210    i.HAL_TIM_IC_Init   stm32f4xx_hal_tim.o
    0x08001ad4   0x08001ad4   0x00000002   Code   RO         2212    i.HAL_TIM_IC_MspInit  stm32f4xx_hal_tim.o
    0x08001ad6   0x08001ad6   0x000000de   Code   RO         2218    i.HAL_TIM_IC_Stop_IT  stm32f4xx_hal_tim.o
    0x08001bb4   0x08001bb4   0x00000196   Code   RO         2219    i.HAL_TIM_IRQHandler  stm32f4xx_hal_tim.o
    0x08001d4a   0x08001d4a   0x00000002   Code   RO         2222    i.HAL_TIM_OC_DelayElapsedCallback  stm32f4xx_hal_tim.o
    0x08001d4c   0x08001d4c   0x00000002   Code   RO         2249    i.HAL_TIM_PWM_PulseFinishedCallback  stm32f4xx_hal_tim.o
    0x08001d4e   0x08001d4e   0x00000002   PAD
    0x08001d50   0x08001d50   0x00000018   Code   RO           15    i.HAL_TIM_PeriodElapsedCallback  main.o
    0x08001d68   0x08001d68   0x00000002   Code   RO         2262    i.HAL_TIM_TriggerCallback  stm32f4xx_hal_tim.o
    0x08001d6a   0x08001d6a   0x00000072   Code   RO         3182    i.HAL_UART_Init     stm32f4xx_hal_uart.o
    0x08001ddc   0x08001ddc   0x000000fc   Code   RO          332    i.HAL_UART_MspInit  usart.o
    0x08001ed8   0x08001ed8   0x000000dc   Code   RO         3185    i.HAL_UART_Receive  stm32f4xx_hal_uart.o
    0x08001fb4   0x08001fb4   0x000000d2   Code   RO         3190    i.HAL_UART_Transmit  stm32f4xx_hal_uart.o
    0x08002086   0x08002086   0x00000004   Code   RO          387    i.HardFault_Handler  stm32f4xx_it.o
    0x0800208a   0x0800208a   0x00000002   PAD
    0x0800208c   0x0800208c   0x000000dc   Code   RO          217    i.MX_GPIO_Init      gpio.o
    0x08002168   0x08002168   0x00000038   Code   RO          243    i.MX_I2C1_Init      i2c.o
    0x080021a0   0x080021a0   0x000000a0   Code   RO          285    i.MX_TIM3_Init      tim.o
    0x08002240   0x08002240   0x00000070   Code   RO          286    i.MX_TIM4_Init      tim.o
    0x080022b0   0x080022b0   0x00000038   Code   RO          333    i.MX_USART1_UART_Init  usart.o
    0x080022e8   0x080022e8   0x00000038   Code   RO          334    i.MX_USART2_UART_Init  usart.o
    0x08002320   0x08002320   0x00000004   Code   RO          388    i.MemManage_Handler  stm32f4xx_it.o
    0x08002324   0x08002324   0x00000004   Code   RO          389    i.NMI_Handler       stm32f4xx_it.o
    0x08002328   0x08002328   0x00000002   Code   RO          390    i.PendSV_Handler    stm32f4xx_it.o
    0x0800232a   0x0800232a   0x00000002   Code   RO          391    i.SVC_Handler       stm32f4xx_it.o
    0x0800232c   0x0800232c   0x00000008   Code   RO          392    i.SysTick_Handler   stm32f4xx_it.o
    0x08002334   0x08002334   0x000000b4   Code   RO           16    i.SystemClock_Config  main.o
    0x080023e8   0x080023e8   0x00000014   Code   RO         3521    i.SystemInit        system_stm32f4xx.o
    0x080023fc   0x080023fc   0x00000010   Code   RO          393    i.TIM3_IRQHandler   stm32f4xx_it.o
    0x0800240c   0x0800240c   0x00000010   Code   RO          394    i.TIM4_IRQHandler   stm32f4xx_it.o
    0x0800241c   0x0800241c   0x000000d8   Code   RO         2264    i.TIM_Base_SetConfig  stm32f4xx_hal_tim.o
    0x080024f4   0x080024f4   0x00000022   Code   RO         2265    i.TIM_CCxChannelCmd  stm32f4xx_hal_tim.o
    0x08002516   0x08002516   0x00000016   Code   RO         2275    i.TIM_ETR_SetConfig  stm32f4xx_hal_tim.o
    0x0800252c   0x0800252c   0x00000012   Code   RO         2276    i.TIM_ITRx_SetConfig  stm32f4xx_hal_tim.o
    0x0800253e   0x0800253e   0x00000026   Code   RO         2282    i.TIM_TI1_ConfigInputStage  stm32f4xx_hal_tim.o
    0x08002564   0x08002564   0x00000090   Code   RO         2283    i.TIM_TI1_SetConfig  stm32f4xx_hal_tim.o
    0x080025f4   0x080025f4   0x00000028   Code   RO         2284    i.TIM_TI2_ConfigInputStage  stm32f4xx_hal_tim.o
    0x0800261c   0x0800261c   0x0000003a   Code   RO         2285    i.TIM_TI2_SetConfig  stm32f4xx_hal_tim.o
    0x08002656   0x08002656   0x00000038   Code   RO         2286    i.TIM_TI3_SetConfig  stm32f4xx_hal_tim.o
    0x0800268e   0x0800268e   0x0000003c   Code   RO         2287    i.TIM_TI4_SetConfig  stm32f4xx_hal_tim.o
    0x080026ca   0x080026ca   0x00000002   PAD
    0x080026cc   0x080026cc   0x0000022c   Code   RO         3209    i.UART_SetConfig    stm32f4xx_hal_uart.o
    0x080028f8   0x080028f8   0x00000092   Code   RO         3213    i.UART_WaitOnFlagUntilTimeout  stm32f4xx_hal_uart.o
    0x0800298a   0x0800298a   0x00000002   PAD
    0x0800298c   0x0800298c   0x00000108   Code   RO         4117    i.USART2_IRQHandler  atk_mo1218_uart.o
    0x08002a94   0x08002a94   0x00000004   Code   RO          395    i.UsageFault_Handler  stm32f4xx_it.o
    0x08002a98   0x08002a98   0x00000020   Code   RO         5108    i.__0printf         mc_w.l(printfa.o)
    0x08002ab8   0x08002ab8   0x00000010   Code   RO         1789    i.__NVIC_GetPriorityGrouping  stm32f4xx_hal_cortex.o
    0x08002ac8   0x08002ac8   0x00000028   Code   RO         1790    i.__NVIC_SetPriority  stm32f4xx_hal_cortex.o
    0x08002af0   0x08002af0   0x0000000e   Code   RO         5282    i.__scatterload_copy  mc_w.l(handlers.o)
    0x08002afe   0x08002afe   0x00000002   Code   RO         5283    i.__scatterload_null  mc_w.l(handlers.o)
    0x08002b00   0x08002b00   0x0000000e   Code   RO         5284    i.__scatterload_zeroinit  mc_w.l(handlers.o)
    0x08002b0e   0x08002b0e   0x00000002   PAD
    0x08002b10   0x08002b10   0x00000184   Code   RO         5115    i._fp_digits        mc_w.l(printfa.o)
    0x08002c94   0x08002c94   0x000006dc   Code   RO         5116    i._printf_core      mc_w.l(printfa.o)
    0x08003370   0x08003370   0x00000024   Code   RO         5117    i._printf_post_padding  mc_w.l(printfa.o)
    0x08003394   0x08003394   0x0000002e   Code   RO         5118    i._printf_pre_padding  mc_w.l(printfa.o)
    0x080033c2   0x080033c2   0x00000076   Code   RO         3765    i.atk_mo1218_config_gnss_for_navigation  atk_mo1218_bin_msg.o
    0x08003438   0x08003438   0x00000076   Code   RO         3769    i.atk_mo1218_config_nmea_msg  atk_mo1218_bin_msg.o
    0x080034ae   0x080034ae   0x0000006e   Code   RO         3770    i.atk_mo1218_config_output_type  atk_mo1218_bin_msg.o
    0x0800351c   0x0800351c   0x000000ac   Code   RO         3773    i.atk_mo1218_config_position_rate  atk_mo1218_bin_msg.o
    0x080035c8   0x080035c8   0x000000a4   Code   RO         3779    i.atk_mo1218_decode_bin_msg  atk_mo1218_bin_msg.o
    0x0800366c   0x0800366c   0x00000042   Code   RO         3780    i.atk_mo1218_factory_reset  atk_mo1218_bin_msg.o
    0x080036ae   0x080036ae   0x0000009c   Code   RO         3799    i.atk_mo1218_get_sw_version  atk_mo1218_bin_msg.o
    0x0800374a   0x0800374a   0x0000001c   Code   RO         3730    i.atk_mo1218_init   atk_mo1218.o
    0x08003766   0x08003766   0x00000002   PAD
    0x08003768   0x08003768   0x000000d4   Code   RO         3801    i.atk_mo1218_send_bin_msg  atk_mo1218_bin_msg.o
    0x0800383c   0x0800383c   0x00000030   Code   RO         4118    i.atk_mo1218_uart_init  atk_mo1218_uart.o
    0x0800386c   0x0800386c   0x0000002c   Code   RO         4120    i.atk_mo1218_uart_rx_get_frame  atk_mo1218_uart.o
    0x08003898   0x08003898   0x00000024   Code   RO         4122    i.atk_mo1218_uart_rx_restart  atk_mo1218_uart.o
    0x080038bc   0x080038bc   0x0000001c   Code   RO         4123    i.atk_mo1218_uart_send  atk_mo1218_uart.o
    0x080038d8   0x080038d8   0x00000020   Code   RO          335    i.fputc             usart.o
    0x080038f8   0x080038f8   0x00000048   Code   RO           17    i.main              main.o
    0x08003940   0x08003940   0x00000018   Data   RO         3522    .constdata          system_stm32f4xx.o
    0x08003958   0x08003958   0x00000020   Data   RO         5280    Region$$Table       anon$$obj.o


    Execution Region RW_IRAM1 (Exec base: 0x20000000, Load base: 0x08003978, Size: 0x00000e88, Max: 0x0001c000, ABSOLUTE)

    Exec Addr    Load Addr    Size         Type   Attr      Idx    E Section Name        Object

    0x20000000   0x08003978   0x00000009   Data   RW         1938    .data               stm32f4xx_hal.o
    0x20000009   0x08003981   0x00000003   PAD
    0x2000000c   0x08003984   0x00000004   Data   RW         3523    .data               system_stm32f4xx.o
    0x20000010   0x08003988   0x0000001c   Data   RW         3701    .data               us_100.o
    0x2000002c   0x080039a4   0x00000004   Data   RW         5237    .data               mc_w.l(stdout.o)
    0x20000030        -       0x00000054   Zero   RW          244    .bss                i2c.o
    0x20000084        -       0x00000090   Zero   RW          287    .bss                tim.o
    0x20000114        -       0x00000088   Zero   RW          336    .bss                usart.o
    0x2000019c        -       0x0000005e   Zero   RW         3803    .bss                atk_mo1218_bin_msg.o
    0x200001fa   0x080039a8   0x00000002   PAD
    0x200001fc        -       0x00000886   Zero   RW         4124    .bss                atk_mo1218_uart.o
    0x20000a82   0x080039a8   0x00000006   PAD
    0x20000a88        -       0x00000400   Zero   RW            1    STACK               startup_stm32f407xx.o


    Execution Region RW_IRAM2 (Exec base: 0x2001c000, Load base: 0x080039a8, Size: 0x00000000, Max: 0x00004000, ABSOLUTE)

    **** No section assigned to this execution region ****


==============================================================================

Image component sizes


      Code (inc. data)   RO Data    RW Data    ZI Data      Debug   Object Name

        28          0          0          0          0        654   atk_mo1218.o
      1116         16          0          0         94      17404   atk_mo1218_bin_msg.o
       420         34          0          0       2182       3618   atk_mo1218_uart.o
       220         12          0          0          0        947   gpio.o
       172         62          0          0          0        495   gps.o
       192         22          0          0         84       1569   i2c.o
       414         40          0          0          0     707077   main.o
        36          8        392          0       1024        812   startup_stm32f407xx.o
       212         36          0          9          0       9213   stm32f4xx_hal.o
       304         22          0          0          0      34295   stm32f4xx_hal_cortex.o
       512         46          0          0          0       2044   stm32f4xx_hal_gpio.o
       464         18          0          0          0       2023   stm32f4xx_hal_i2c.o
        72          4          0          0          0        810   stm32f4xx_hal_msp.o
      1820         84          0          0          0       5460   stm32f4xx_hal_rcc.o
      2184        106          0          0          0      15497   stm32f4xx_hal_tim.o
       184         30          0          0          0       2405   stm32f4xx_hal_tim_ex.o
      1246         10          0          0          0       4895   stm32f4xx_hal_uart.o
        66         12          0          0          0       4962   stm32f4xx_it.o
        20          6         24          4          0       1063   system_stm32f4xx.o
       484         38          0          0        144       2467   tim.o
         0          0          0         28          0        434   us_100.o
       396         44          0          0        136       2895   usart.o

    ----------------------------------------------------------------------
     10574        650        448         44       3672     821039   Object Totals
         0          0         32          0          0          0   (incl. Generated)
        12          0          0          3          8          0   (incl. Padding)

    ----------------------------------------------------------------------

      Code (inc. data)   RO Data    RW Data    ZI Data      Debug   Library Member Name

         0          0          0          0          0          0   entry.o
         0          0          0          0          0          0   entry10a.o
         0          0          0          0          0          0   entry11a.o
         8          4          0          0          0          0   entry2.o
         4          0          0          0          0          0   entry5.o
         0          0          0          0          0          0   entry7b.o
         0          0          0          0          0          0   entry8b.o
         8          4          0          0          0          0   entry9a.o
        30          0          0          0          0          0   handlers.o
        36          8          0          0          0         68   init.o
         0          0          0          0          0          0   iusefp.o
        30          0          0          0          0         68   llshl.o
        36          0          0          0          0         68   llsshr.o
        32          0          0          0          0         68   llushr.o
        36          0          0          0          0        108   memseta.o
      2258         90          0          0          0        452   printfa.o
         0          0          0          4          0          0   stdout.o
        44          0          0          0          0         80   uidiv.o
        98          0          0          0          0         92   uldiv.o
        48          0          0          0          0         68   cdrcmple.o
       334          0          0          0          0        148   dadd.o
       222          0          0          0          0        100   ddiv.o
       186          0          0          0          0        176   depilogue.o
        48          0          0          0          0         68   dfixul.o
       228          0          0          0          0         96   dmul.o

    ----------------------------------------------------------------------
      3690        106          0          4          0       1660   Library Totals
         4          0          0          0          0          0   (incl. Padding)

    ----------------------------------------------------------------------

      Code (inc. data)   RO Data    RW Data    ZI Data      Debug   Library Name

      2620        106          0          4          0       1004   mc_w.l
      1066          0          0          0          0        656   mf_w.l

    ----------------------------------------------------------------------
      3690        106          0          4          0       1660   Library Totals

    ----------------------------------------------------------------------

==============================================================================


      Code (inc. data)   RO Data    RW Data    ZI Data      Debug   

     14264        756        448         48       3672     813571   Grand Totals
     14264        756        448         48       3672     813571   ELF Image Totals
     14264        756        448         48          0          0   ROM Totals

==============================================================================

    Total RO  Size (Code + RO Data)                14712 (  14.37kB)
    Total RW  Size (RW Data + ZI Data)              3720 (   3.63kB)
    Total ROM Size (Code + RO Data + RW Data)      14760 (  14.41kB)

==============================================================================

